ARM Linker, 5.03 [Build 76] [MDK-ARM Standard]

==============================================================================

Small function inlining results

Inlined total of 0 calls.

==============================================================================

Section Cross References

    system_nuc472_442.o(i.SystemCoreClockUpdate) refers to clk.o(i.CLK_GetPLLClockFreq) for CLK_GetPLLClockFreq
    system_nuc472_442.o(i.SystemCoreClockUpdate) refers to system_nuc472_442.o(.data) for .data
    startup_nuc472_442.o(RESET) refers to startup_nuc472_442.o(STACK) for __initial_sp
    startup_nuc472_442.o(RESET) refers to startup_nuc472_442.o(.text) for Reset_Handler
    startup_nuc472_442.o(RESET) refers to retarget.o(.emb_text) for HardFault_Handler
    startup_nuc472_442.o(RESET) refers to nuc472_442_isr.o(i.I2S1_IRQHandler) for I2S1_IRQHandler
    startup_nuc472_442.o(.text) refers to system_nuc472_442.o(i.SystemInit) for SystemInit
    startup_nuc472_442.o(.text) refers to entry.o(.ARM.Collect$$$$00000000) for __main
    clk.o(i.CLK_EnablePLL) refers to clk.o(i.CLK_DisablePLL) for CLK_DisablePLL
    clk.o(i.CLK_EnablePLL) refers to clk.o(i.CLK_WaitClockReady) for CLK_WaitClockReady
    clk.o(i.CLK_EnablePLL) refers to clk.o(i.CLK_GetPLLClockFreq) for CLK_GetPLLClockFreq
    clk.o(i.CLK_GetCPUFreq) refers to system_nuc472_442.o(i.SystemCoreClockUpdate) for SystemCoreClockUpdate
    clk.o(i.CLK_GetCPUFreq) refers to system_nuc472_442.o(.data) for SystemCoreClock
    clk.o(i.CLK_GetHCLKFreq) refers to system_nuc472_442.o(i.SystemCoreClockUpdate) for SystemCoreClockUpdate
    clk.o(i.CLK_GetHCLKFreq) refers to system_nuc472_442.o(.data) for SystemCoreClock
    clk.o(i.CLK_GetPCLKFreq) refers to system_nuc472_442.o(i.SystemCoreClockUpdate) for SystemCoreClockUpdate
    clk.o(i.CLK_GetPCLKFreq) refers to system_nuc472_442.o(.data) for SystemCoreClock
    clk.o(i.CLK_SetCoreClock) refers to clk.o(i.CLK_WaitClockReady) for CLK_WaitClockReady
    clk.o(i.CLK_SetCoreClock) refers to clk.o(i.CLK_SetHCLK) for CLK_SetHCLK
    clk.o(i.CLK_SetCoreClock) refers to system_nuc472_442.o(i.SystemCoreClockUpdate) for SystemCoreClockUpdate
    clk.o(i.CLK_SetCoreClock) refers to system_nuc472_442.o(.data) for SystemCoreClock
    clk.o(i.CLK_SetHCLK) refers to system_nuc472_442.o(i.SystemCoreClockUpdate) for SystemCoreClockUpdate
    clk.o(i.CLK_SysTickDelay) refers to system_nuc472_442.o(.data) for CyclesPerUs
    i2s.o(i.I2S_EnableMCLK) refers to i2s.o(i.I2S_GetSourceClockFreq) for I2S_GetSourceClockFreq
    i2s.o(i.I2S_GetSourceClockFreq) refers to clk.o(i.CLK_GetPLLClockFreq) for CLK_GetPLLClockFreq
    i2s.o(i.I2S_GetSourceClockFreq) refers to system_nuc472_442.o(.data) for SystemCoreClock
    i2s.o(i.I2S_Open) refers to i2s.o(i.I2S_GetSourceClockFreq) for I2S_GetSourceClockFreq
    retarget.o(.emb_text) refers to retarget.o(i.Hard_Fault_Handler) for Hard_Fault_Handler
    retarget.o(i.GetChar) refers to retarget.o(.emb_text) for SH_DoCommand
    retarget.o(i.Hard_Fault_Handler) refers to printf5.o(i.__0printf$5) for __2printf
    retarget.o(i.Hard_Fault_Handler) refers to retarget.o(i.stackDump) for stackDump
    retarget.o(i.SendChar) refers to retarget.o(.emb_text) for SH_DoCommand
    retarget.o(i.SendChar) refers to retarget.o(.bss) for .bss
    retarget.o(i.SendChar) refers to retarget.o(.data) for .data
    retarget.o(i._sys_exit) refers to retarget.o(.emb_text) for SH_DoCommand
    retarget.o(i._ttywrch) refers to retarget.o(i.SendChar) for SendChar
    retarget.o(i.fgetc) refers to retarget.o(i.GetChar) for GetChar
    retarget.o(i.fputc) refers to retarget.o(i.SendChar) for SendChar
    retarget.o(i.stackDump) refers to printf5.o(i.__0printf$5) for __2printf
    uart.o(i.UART_Open) refers to clk.o(i.CLK_GetPLLClockFreq) for CLK_GetPLLClockFreq
    uart.o(i.UART_Open) refers to uart.o(.constdata) for .constdata
    uart.o(i.UART_SelectIrDAMode) refers to clk.o(i.CLK_GetPLLClockFreq) for CLK_GetPLLClockFreq
    uart.o(i.UART_SelectIrDAMode) refers to uart.o(.constdata) for .constdata
    uart.o(i.UART_SetLine_Config) refers to clk.o(i.CLK_GetPLLClockFreq) for CLK_GetPLLClockFreq
    uart.o(i.UART_SetLine_Config) refers to uart.o(.constdata) for .constdata
    main.o(i.SYS_Init) refers to sys.o(i.SYS_UnlockReg) for SYS_UnlockReg
    main.o(i.SYS_Init) refers to clk.o(i.CLK_EnableXtalRC) for CLK_EnableXtalRC
    main.o(i.SYS_Init) refers to clk.o(i.CLK_WaitClockReady) for CLK_WaitClockReady
    main.o(i.SYS_Init) refers to clk.o(i.CLK_SetHCLK) for CLK_SetHCLK
    main.o(i.SYS_Init) refers to clk.o(i.CLK_EnableModuleClock) for CLK_EnableModuleClock
    main.o(i.SYS_Init) refers to clk.o(i.CLK_SetModuleClock) for CLK_SetModuleClock
    main.o(i.SYS_Init) refers to system_nuc472_442.o(i.SystemCoreClockUpdate) for SystemCoreClockUpdate
    main.o(i.SYS_Init) refers to sys.o(i.SYS_LockReg) for SYS_LockReg
    main.o(i.main) refers to main.o(i.SYS_Init) for SYS_Init
    main.o(i.main) refers to uart.o(i.UART_Open) for UART_Open
    main.o(i.main) refers to printf5.o(i.__0printf$5) for __2printf
    main.o(i.main) refers to gpio.o(i.GPIO_SetMode) for GPIO_SetMode
    main.o(i.main) refers to clk.o(i.CLK_SetModuleClock) for CLK_SetModuleClock
    main.o(i.main) refers to i2s.o(i.I2S_Open) for I2S_Open
    main.o(i.main) refers to i2s.o(i.I2S_EnableMCLK) for I2S_EnableMCLK
    main.o(i.main) refers to i2s.o(i.I2S_EnableInt) for I2S_EnableInt
    main.o(i.main) refers to process.o(i.process) for process
    main.o(i.main) refers to main.o(.constdata) for .constdata
    nuc472_442_isr.o(i.I2S1_IRQHandler) refers to nuc472_442_isr.o(.data) for .data
    nuc472_442_isr.o(i.I2S1_IRQHandler) refers to process.o(.data) for u32datacount
    nuc472_442_isr.o(i.I2S1_IRQHandler) refers to process.o(.bss) for rx_buff
    nuc472_442_isr.o(.data) refers to process.o(.bss) for rx_buff
    process.o(i.process) refers to process.o(.data) for .data
    process.o(i.process) refers to process.o(.bss) for .bss
    entry.o(.ARM.Collect$$$$00000000) refers (Special) to entry10a.o(.ARM.Collect$$$$0000000D) for __rt_final_cpp
    entry.o(.ARM.Collect$$$$00000000) refers (Special) to entry11a.o(.ARM.Collect$$$$0000000F) for __rt_final_exit
    entry.o(.ARM.Collect$$$$00000000) refers (Special) to entry7b.o(.ARM.Collect$$$$00000008) for _main_clock
    entry.o(.ARM.Collect$$$$00000000) refers (Special) to entry8b.o(.ARM.Collect$$$$0000000A) for _main_cpp_init
    entry.o(.ARM.Collect$$$$00000000) refers (Special) to entry9a.o(.ARM.Collect$$$$0000000B) for _main_init
    entry.o(.ARM.Collect$$$$00000000) refers (Special) to entry5.o(.ARM.Collect$$$$00000004) for _main_scatterload
    entry.o(.ARM.Collect$$$$00000000) refers (Special) to entry2.o(.ARM.Collect$$$$00000001) for _main_stk
    printfb.o(i.__0fprintf$bare) refers to printfb.o(i._printf_core) for _printf_core
    printfb.o(i.__0fprintf$bare) refers to retarget.o(i.fputc) for fputc
    printfb.o(i.__0printf$bare) refers to printfb.o(i._printf_core) for _printf_core
    printfb.o(i.__0printf$bare) refers to retarget.o(i.fputc) for fputc
    printfb.o(i.__0printf$bare) refers to retarget.o(.data) for __stdout
    printfb.o(i.__0snprintf$bare) refers to printfb.o(i._printf_core) for _printf_core
    printfb.o(i.__0snprintf$bare) refers to printfb.o(i._snputc) for _snputc
    printfb.o(i.__0sprintf$bare) refers to printfb.o(i._printf_core) for _printf_core
    printfb.o(i.__0sprintf$bare) refers to printfb.o(i._sputc) for _sputc
    printfb.o(i.__0vfprintf$bare) refers to printfb.o(i._printf_core) for _printf_core
    printfb.o(i.__0vfprintf$bare) refers to retarget.o(i.fputc) for fputc
    printfb.o(i.__0vprintf$bare) refers to printfb.o(i._printf_core) for _printf_core
    printfb.o(i.__0vprintf$bare) refers to retarget.o(i.fputc) for fputc
    printfb.o(i.__0vprintf$bare) refers to retarget.o(.data) for __stdout
    printfb.o(i.__0vsnprintf$bare) refers to printfb.o(i._printf_core) for _printf_core
    printfb.o(i.__0vsnprintf$bare) refers to printfb.o(i._snputc) for _snputc
    printfb.o(i.__0vsprintf$bare) refers to printfb.o(i._printf_core) for _printf_core
    printfb.o(i.__0vsprintf$bare) refers to printfb.o(i._sputc) for _sputc
    printf0.o(i.__0fprintf$0) refers to printf0.o(i._printf_core) for _printf_core
    printf0.o(i.__0fprintf$0) refers to retarget.o(i.fputc) for fputc
    printf0.o(i.__0printf$0) refers to printf0.o(i._printf_core) for _printf_core
    printf0.o(i.__0printf$0) refers to retarget.o(i.fputc) for fputc
    printf0.o(i.__0printf$0) refers to retarget.o(.data) for __stdout
    printf0.o(i.__0snprintf$0) refers to printf0.o(i._printf_core) for _printf_core
    printf0.o(i.__0snprintf$0) refers to printf0.o(i._snputc) for _snputc
    printf0.o(i.__0sprintf$0) refers to printf0.o(i._printf_core) for _printf_core
    printf0.o(i.__0sprintf$0) refers to printf0.o(i._sputc) for _sputc
    printf0.o(i.__0vfprintf$0) refers to printf0.o(i._printf_core) for _printf_core
    printf0.o(i.__0vfprintf$0) refers to retarget.o(i.fputc) for fputc
    printf0.o(i.__0vprintf$0) refers to printf0.o(i._printf_core) for _printf_core
    printf0.o(i.__0vprintf$0) refers to retarget.o(i.fputc) for fputc
    printf0.o(i.__0vprintf$0) refers to retarget.o(.data) for __stdout
    printf0.o(i.__0vsnprintf$0) refers to printf0.o(i._printf_core) for _printf_core
    printf0.o(i.__0vsnprintf$0) refers to printf0.o(i._snputc) for _snputc
    printf0.o(i.__0vsprintf$0) refers to printf0.o(i._printf_core) for _printf_core
    printf0.o(i.__0vsprintf$0) refers to printf0.o(i._sputc) for _sputc
    printf1.o(i.__0fprintf$1) refers to printf1.o(i._printf_core) for _printf_core
    printf1.o(i.__0fprintf$1) refers to retarget.o(i.fputc) for fputc
    printf1.o(i.__0printf$1) refers to printf1.o(i._printf_core) for _printf_core
    printf1.o(i.__0printf$1) refers to retarget.o(i.fputc) for fputc
    printf1.o(i.__0printf$1) refers to retarget.o(.data) for __stdout
    printf1.o(i.__0snprintf$1) refers to printf1.o(i._printf_core) for _printf_core
    printf1.o(i.__0snprintf$1) refers to printf1.o(i._snputc) for _snputc
    printf1.o(i.__0sprintf$1) refers to printf1.o(i._printf_core) for _printf_core
    printf1.o(i.__0sprintf$1) refers to printf1.o(i._sputc) for _sputc
    printf1.o(i.__0vfprintf$1) refers to printf1.o(i._printf_core) for _printf_core
    printf1.o(i.__0vfprintf$1) refers to retarget.o(i.fputc) for fputc
    printf1.o(i.__0vprintf$1) refers to printf1.o(i._printf_core) for _printf_core
    printf1.o(i.__0vprintf$1) refers to retarget.o(i.fputc) for fputc
    printf1.o(i.__0vprintf$1) refers to retarget.o(.data) for __stdout
    printf1.o(i.__0vsnprintf$1) refers to printf1.o(i._printf_core) for _printf_core
    printf1.o(i.__0vsnprintf$1) refers to printf1.o(i._snputc) for _snputc
    printf1.o(i.__0vsprintf$1) refers to printf1.o(i._printf_core) for _printf_core
    printf1.o(i.__0vsprintf$1) refers to printf1.o(i._sputc) for _sputc
    printf1.o(i._printf_core) refers to uidiv.o(.text) for __aeabi_uidivmod
    printf2.o(i.__0fprintf$2) refers to printf2.o(i._printf_core) for _printf_core
    printf2.o(i.__0fprintf$2) refers to retarget.o(i.fputc) for fputc
    printf2.o(i.__0printf$2) refers to printf2.o(i._printf_core) for _printf_core
    printf2.o(i.__0printf$2) refers to retarget.o(i.fputc) for fputc
    printf2.o(i.__0printf$2) refers to retarget.o(.data) for __stdout
    printf2.o(i.__0snprintf$2) refers to printf2.o(i._printf_core) for _printf_core
    printf2.o(i.__0snprintf$2) refers to printf2.o(i._snputc) for _snputc
    printf2.o(i.__0sprintf$2) refers to printf2.o(i._printf_core) for _printf_core
    printf2.o(i.__0sprintf$2) refers to printf2.o(i._sputc) for _sputc
    printf2.o(i.__0vfprintf$2) refers to printf2.o(i._printf_core) for _printf_core
    printf2.o(i.__0vfprintf$2) refers to retarget.o(i.fputc) for fputc
    printf2.o(i.__0vprintf$2) refers to printf2.o(i._printf_core) for _printf_core
    printf2.o(i.__0vprintf$2) refers to retarget.o(i.fputc) for fputc
    printf2.o(i.__0vprintf$2) refers to retarget.o(.data) for __stdout
    printf2.o(i.__0vsnprintf$2) refers to printf2.o(i._printf_core) for _printf_core
    printf2.o(i.__0vsnprintf$2) refers to printf2.o(i._snputc) for _snputc
    printf2.o(i.__0vsprintf$2) refers to printf2.o(i._printf_core) for _printf_core
    printf2.o(i.__0vsprintf$2) refers to printf2.o(i._sputc) for _sputc
    printf3.o(i.__0fprintf$3) refers to printf3.o(i._printf_core) for _printf_core
    printf3.o(i.__0fprintf$3) refers to retarget.o(i.fputc) for fputc
    printf3.o(i.__0printf$3) refers to printf3.o(i._printf_core) for _printf_core
    printf3.o(i.__0printf$3) refers to retarget.o(i.fputc) for fputc
    printf3.o(i.__0printf$3) refers to retarget.o(.data) for __stdout
    printf3.o(i.__0snprintf$3) refers to printf3.o(i._printf_core) for _printf_core
    printf3.o(i.__0snprintf$3) refers to printf3.o(i._snputc) for _snputc
    printf3.o(i.__0sprintf$3) refers to printf3.o(i._printf_core) for _printf_core
    printf3.o(i.__0sprintf$3) refers to printf3.o(i._sputc) for _sputc
    printf3.o(i.__0vfprintf$3) refers to printf3.o(i._printf_core) for _printf_core
    printf3.o(i.__0vfprintf$3) refers to retarget.o(i.fputc) for fputc
    printf3.o(i.__0vprintf$3) refers to printf3.o(i._printf_core) for _printf_core
    printf3.o(i.__0vprintf$3) refers to retarget.o(i.fputc) for fputc
    printf3.o(i.__0vprintf$3) refers to retarget.o(.data) for __stdout
    printf3.o(i.__0vsnprintf$3) refers to printf3.o(i._printf_core) for _printf_core
    printf3.o(i.__0vsnprintf$3) refers to printf3.o(i._snputc) for _snputc
    printf3.o(i.__0vsprintf$3) refers to printf3.o(i._printf_core) for _printf_core
    printf3.o(i.__0vsprintf$3) refers to printf3.o(i._sputc) for _sputc
    printf3.o(i._printf_core) refers to uidiv.o(.text) for __aeabi_uidivmod
    printf4.o(i.__0fprintf$4) refers to printf4.o(i._printf_core) for _printf_core
    printf4.o(i.__0fprintf$4) refers to retarget.o(i.fputc) for fputc
    printf4.o(i.__0printf$4) refers to printf4.o(i._printf_core) for _printf_core
    printf4.o(i.__0printf$4) refers to retarget.o(i.fputc) for fputc
    printf4.o(i.__0printf$4) refers to retarget.o(.data) for __stdout
    printf4.o(i.__0snprintf$4) refers to printf4.o(i._printf_core) for _printf_core
    printf4.o(i.__0snprintf$4) refers to printf4.o(i._snputc) for _snputc
    printf4.o(i.__0sprintf$4) refers to printf4.o(i._printf_core) for _printf_core
    printf4.o(i.__0sprintf$4) refers to printf4.o(i._sputc) for _sputc
    printf4.o(i.__0vfprintf$4) refers to printf4.o(i._printf_core) for _printf_core
    printf4.o(i.__0vfprintf$4) refers to retarget.o(i.fputc) for fputc
    printf4.o(i.__0vprintf$4) refers to printf4.o(i._printf_core) for _printf_core
    printf4.o(i.__0vprintf$4) refers to retarget.o(i.fputc) for fputc
    printf4.o(i.__0vprintf$4) refers to retarget.o(.data) for __stdout
    printf4.o(i.__0vsnprintf$4) refers to printf4.o(i._printf_core) for _printf_core
    printf4.o(i.__0vsnprintf$4) refers to printf4.o(i._snputc) for _snputc
    printf4.o(i.__0vsprintf$4) refers to printf4.o(i._printf_core) for _printf_core
    printf4.o(i.__0vsprintf$4) refers to printf4.o(i._sputc) for _sputc
    printf4.o(i._printf_core) refers to uldiv.o(.text) for __aeabi_uldivmod
    printf5.o(i.__0fprintf$5) refers to printf5.o(i._printf_core) for _printf_core
    printf5.o(i.__0fprintf$5) refers to retarget.o(i.fputc) for fputc
    printf5.o(i.__0printf$5) refers to printf5.o(i._printf_core) for _printf_core
    printf5.o(i.__0printf$5) refers to retarget.o(i.fputc) for fputc
    printf5.o(i.__0printf$5) refers to retarget.o(.data) for __stdout
    printf5.o(i.__0snprintf$5) refers to printf5.o(i._printf_core) for _printf_core
    printf5.o(i.__0snprintf$5) refers to printf5.o(i._snputc) for _snputc
    printf5.o(i.__0sprintf$5) refers to printf5.o(i._printf_core) for _printf_core
    printf5.o(i.__0sprintf$5) refers to printf5.o(i._sputc) for _sputc
    printf5.o(i.__0vfprintf$5) refers to printf5.o(i._printf_core) for _printf_core
    printf5.o(i.__0vfprintf$5) refers to retarget.o(i.fputc) for fputc
    printf5.o(i.__0vprintf$5) refers to printf5.o(i._printf_core) for _printf_core
    printf5.o(i.__0vprintf$5) refers to retarget.o(i.fputc) for fputc
    printf5.o(i.__0vprintf$5) refers to retarget.o(.data) for __stdout
    printf5.o(i.__0vsnprintf$5) refers to printf5.o(i._printf_core) for _printf_core
    printf5.o(i.__0vsnprintf$5) refers to printf5.o(i._snputc) for _snputc
    printf5.o(i.__0vsprintf$5) refers to printf5.o(i._printf_core) for _printf_core
    printf5.o(i.__0vsprintf$5) refers to printf5.o(i._sputc) for _sputc
    printf5.o(i._printf_core) refers to uldiv.o(.text) for __aeabi_uldivmod
    printf6.o(i.__0fprintf$6) refers to printf6.o(i._printf_core) for _printf_core
    printf6.o(i.__0fprintf$6) refers to retarget.o(i.fputc) for fputc
    printf6.o(i.__0printf$6) refers to printf6.o(i._printf_core) for _printf_core
    printf6.o(i.__0printf$6) refers to retarget.o(i.fputc) for fputc
    printf6.o(i.__0printf$6) refers to retarget.o(.data) for __stdout
    printf6.o(i.__0snprintf$6) refers to printf6.o(i._printf_core) for _printf_core
    printf6.o(i.__0snprintf$6) refers to printf6.o(i._snputc) for _snputc
    printf6.o(i.__0sprintf$6) refers to printf6.o(i._printf_core) for _printf_core
    printf6.o(i.__0sprintf$6) refers to printf6.o(i._sputc) for _sputc
    printf6.o(i.__0vfprintf$6) refers to printf6.o(i._printf_core) for _printf_core
    printf6.o(i.__0vfprintf$6) refers to retarget.o(i.fputc) for fputc
    printf6.o(i.__0vprintf$6) refers to printf6.o(i._printf_core) for _printf_core
    printf6.o(i.__0vprintf$6) refers to retarget.o(i.fputc) for fputc
    printf6.o(i.__0vprintf$6) refers to retarget.o(.data) for __stdout
    printf6.o(i.__0vsnprintf$6) refers to printf6.o(i._printf_core) for _printf_core
    printf6.o(i.__0vsnprintf$6) refers to printf6.o(i._snputc) for _snputc
    printf6.o(i.__0vsprintf$6) refers to printf6.o(i._printf_core) for _printf_core
    printf6.o(i.__0vsprintf$6) refers to printf6.o(i._sputc) for _sputc
    printf6.o(i._printf_core) refers to printf6.o(i._printf_pre_padding) for _printf_pre_padding
    printf6.o(i._printf_core) refers to uidiv.o(.text) for __aeabi_uidivmod
    printf6.o(i._printf_core) refers to printf6.o(i._printf_post_padding) for _printf_post_padding
    printf7.o(i.__0fprintf$7) refers to printf7.o(i._printf_core) for _printf_core
    printf7.o(i.__0fprintf$7) refers to retarget.o(i.fputc) for fputc
    printf7.o(i.__0printf$7) refers to printf7.o(i._printf_core) for _printf_core
    printf7.o(i.__0printf$7) refers to retarget.o(i.fputc) for fputc
    printf7.o(i.__0printf$7) refers to retarget.o(.data) for __stdout
    printf7.o(i.__0snprintf$7) refers to printf7.o(i._printf_core) for _printf_core
    printf7.o(i.__0snprintf$7) refers to printf7.o(i._snputc) for _snputc
    printf7.o(i.__0sprintf$7) refers to printf7.o(i._printf_core) for _printf_core
    printf7.o(i.__0sprintf$7) refers to printf7.o(i._sputc) for _sputc
    printf7.o(i.__0vfprintf$7) refers to printf7.o(i._printf_core) for _printf_core
    printf7.o(i.__0vfprintf$7) refers to retarget.o(i.fputc) for fputc
    printf7.o(i.__0vprintf$7) refers to printf7.o(i._printf_core) for _printf_core
    printf7.o(i.__0vprintf$7) refers to retarget.o(i.fputc) for fputc
    printf7.o(i.__0vprintf$7) refers to retarget.o(.data) for __stdout
    printf7.o(i.__0vsnprintf$7) refers to printf7.o(i._printf_core) for _printf_core
    printf7.o(i.__0vsnprintf$7) refers to printf7.o(i._snputc) for _snputc
    printf7.o(i.__0vsprintf$7) refers to printf7.o(i._printf_core) for _printf_core
    printf7.o(i.__0vsprintf$7) refers to printf7.o(i._sputc) for _sputc
    printf7.o(i._printf_core) refers to printf7.o(i._printf_pre_padding) for _printf_pre_padding
    printf7.o(i._printf_core) refers to uldiv.o(.text) for __aeabi_uldivmod
    printf7.o(i._printf_core) refers to printf7.o(i._printf_post_padding) for _printf_post_padding
    printf8.o(i.__0fprintf$8) refers to printf8.o(i._printf_core) for _printf_core
    printf8.o(i.__0fprintf$8) refers to retarget.o(i.fputc) for fputc
    printf8.o(i.__0printf$8) refers to printf8.o(i._printf_core) for _printf_core
    printf8.o(i.__0printf$8) refers to retarget.o(i.fputc) for fputc
    printf8.o(i.__0printf$8) refers to retarget.o(.data) for __stdout
    printf8.o(i.__0snprintf$8) refers to printf8.o(i._printf_core) for _printf_core
    printf8.o(i.__0snprintf$8) refers to printf8.o(i._snputc) for _snputc
    printf8.o(i.__0sprintf$8) refers to printf8.o(i._printf_core) for _printf_core
    printf8.o(i.__0sprintf$8) refers to printf8.o(i._sputc) for _sputc
    printf8.o(i.__0vfprintf$8) refers to printf8.o(i._printf_core) for _printf_core
    printf8.o(i.__0vfprintf$8) refers to retarget.o(i.fputc) for fputc
    printf8.o(i.__0vprintf$8) refers to printf8.o(i._printf_core) for _printf_core
    printf8.o(i.__0vprintf$8) refers to retarget.o(i.fputc) for fputc
    printf8.o(i.__0vprintf$8) refers to retarget.o(.data) for __stdout
    printf8.o(i.__0vsnprintf$8) refers to printf8.o(i._printf_core) for _printf_core
    printf8.o(i.__0vsnprintf$8) refers to printf8.o(i._snputc) for _snputc
    printf8.o(i.__0vsprintf$8) refers to printf8.o(i._printf_core) for _printf_core
    printf8.o(i.__0vsprintf$8) refers to printf8.o(i._sputc) for _sputc
    printf8.o(i._printf_core) refers to printf8.o(i._printf_pre_padding) for _printf_pre_padding
    printf8.o(i._printf_core) refers to uldiv.o(.text) for __aeabi_uldivmod
    printf8.o(i._printf_core) refers to printf8.o(i._printf_post_padding) for _printf_post_padding
    printfa.o(i.__0fprintf) refers (Special) to iusefp.o(.text) for __I$use$fp
    printfa.o(i.__0fprintf) refers to printfa.o(i._printf_core) for _printf_core
    printfa.o(i.__0fprintf) refers to retarget.o(i.fputc) for fputc
    printfa.o(i.__0printf) refers (Special) to iusefp.o(.text) for __I$use$fp
    printfa.o(i.__0printf) refers to printfa.o(i._printf_core) for _printf_core
    printfa.o(i.__0printf) refers to retarget.o(i.fputc) for fputc
    printfa.o(i.__0printf) refers to retarget.o(.data) for __stdout
    printfa.o(i.__0snprintf) refers (Special) to iusefp.o(.text) for __I$use$fp
    printfa.o(i.__0snprintf) refers to printfa.o(i._printf_core) for _printf_core
    printfa.o(i.__0snprintf) refers to printfa.o(i._snputc) for _snputc
    printfa.o(i.__0sprintf) refers (Special) to iusefp.o(.text) for __I$use$fp
    printfa.o(i.__0sprintf) refers to printfa.o(i._printf_core) for _printf_core
    printfa.o(i.__0sprintf) refers to printfa.o(i._sputc) for _sputc
    printfa.o(i.__0vfprintf) refers (Special) to iusefp.o(.text) for __I$use$fp
    printfa.o(i.__0vfprintf) refers to printfa.o(i._printf_core) for _printf_core
    printfa.o(i.__0vfprintf) refers to retarget.o(i.fputc) for fputc
    printfa.o(i.__0vprintf) refers (Special) to iusefp.o(.text) for __I$use$fp
    printfa.o(i.__0vprintf) refers to printfa.o(i._printf_core) for _printf_core
    printfa.o(i.__0vprintf) refers to retarget.o(i.fputc) for fputc
    printfa.o(i.__0vprintf) refers to retarget.o(.data) for __stdout
    printfa.o(i.__0vsnprintf) refers (Special) to iusefp.o(.text) for __I$use$fp
    printfa.o(i.__0vsnprintf) refers to printfa.o(i._printf_core) for _printf_core
    printfa.o(i.__0vsnprintf) refers to printfa.o(i._snputc) for _snputc
    printfa.o(i.__0vsprintf) refers (Special) to iusefp.o(.text) for __I$use$fp
    printfa.o(i.__0vsprintf) refers to printfa.o(i._printf_core) for _printf_core
    printfa.o(i.__0vsprintf) refers to printfa.o(i._sputc) for _sputc
    printfa.o(i._fp_digits) refers (Special) to iusefp.o(.text) for __I$use$fp
    printfa.o(i._fp_digits) refers to dmul.o(.text) for __aeabi_dmul
    printfa.o(i._fp_digits) refers to ddiv.o(.text) for __aeabi_ddiv
    printfa.o(i._fp_digits) refers to cdrcmple.o(.text) for __aeabi_cdrcmple
    printfa.o(i._fp_digits) refers to dadd.o(.text) for __aeabi_dadd
    printfa.o(i._fp_digits) refers to dfixul.o(.text) for __aeabi_d2ulz
    printfa.o(i._fp_digits) refers to uldiv.o(.text) for __aeabi_uldivmod
    printfa.o(i._printf_core) refers (Special) to iusefp.o(.text) for __I$use$fp
    printfa.o(i._printf_core) refers to printfa.o(i._printf_pre_padding) for _printf_pre_padding
    printfa.o(i._printf_core) refers to uldiv.o(.text) for __aeabi_uldivmod
    printfa.o(i._printf_core) refers to printfa.o(i._printf_post_padding) for _printf_post_padding
    printfa.o(i._printf_core) refers to printfa.o(i._fp_digits) for _fp_digits
    printfa.o(i._printf_core) refers to uidiv.o(.text) for __aeabi_uidivmod
    printfa.o(i._printf_post_padding) refers (Special) to iusefp.o(.text) for __I$use$fp
    printfa.o(i._printf_pre_padding) refers (Special) to iusefp.o(.text) for __I$use$fp
    printfa.o(i._snputc) refers (Special) to iusefp.o(.text) for __I$use$fp
    printfa.o(i._sputc) refers (Special) to iusefp.o(.text) for __I$use$fp
    entry2.o(.ARM.Collect$$$$00000001) refers to entry2.o(.ARM.Collect$$$$00002712) for __lit__00000000
    entry2.o(.ARM.Collect$$$$00002712) refers to startup_nuc472_442.o(STACK) for __initial_sp
    entry2.o(__vectab_stack_and_reset_area) refers to startup_nuc472_442.o(STACK) for __initial_sp
    entry2.o(__vectab_stack_and_reset_area) refers to entry.o(.ARM.Collect$$$$00000000) for __main
    entry5.o(.ARM.Collect$$$$00000004) refers to init.o(.text) for __scatterload
    entry9a.o(.ARM.Collect$$$$0000000B) refers to main.o(i.main) for main
    entry9b.o(.ARM.Collect$$$$0000000C) refers to main.o(i.main) for main
    uldiv.o(.text) refers to llushr.o(.text) for __aeabi_llsr
    uldiv.o(.text) refers to llshl.o(.text) for __aeabi_llsl
    dadd.o(.text) refers to llshl.o(.text) for __aeabi_llsl
    dadd.o(.text) refers to llsshr.o(.text) for __aeabi_lasr
    dadd.o(.text) refers to depilogue.o(.text) for _double_epilogue
    dmul.o(.text) refers to depilogue.o(.text) for _double_epilogue
    ddiv.o(.text) refers to depilogue.o(.text) for _double_round
    dfixul.o(.text) refers to llushr.o(.text) for __aeabi_llsr
    dfixul.o(.text) refers to llshl.o(.text) for __aeabi_llsl
    init.o(.text) refers to entry5.o(.ARM.Collect$$$$00000004) for __main_after_scatterload
    depilogue.o(.text) refers to llshl.o(.text) for __aeabi_llsl
    depilogue.o(.text) refers to llushr.o(.text) for __aeabi_llsr


==============================================================================

Removing Unused input sections from the image.

    Removing system_nuc472_442.o(.rev16_text), (4 bytes).
    Removing system_nuc472_442.o(.revsh_text), (4 bytes).
    Removing startup_nuc472_442.o(HEAP), (512 bytes).
    Removing clk.o(.rev16_text), (4 bytes).
    Removing clk.o(.revsh_text), (4 bytes).
    Removing clk.o(i.CLK_DisableCKO), (16 bytes).
    Removing clk.o(i.CLK_DisableModuleClock), (30 bytes).
    Removing clk.o(i.CLK_DisablePLL), (16 bytes).
    Removing clk.o(i.CLK_DisableSysTick), (10 bytes).
    Removing clk.o(i.CLK_DisableXtalRC), (16 bytes).
    Removing clk.o(i.CLK_EnableCKO), (36 bytes).
    Removing clk.o(i.CLK_EnablePLL), (336 bytes).
    Removing clk.o(i.CLK_EnableSysTick), (56 bytes).
    Removing clk.o(i.CLK_GetCPUFreq), (16 bytes).
    Removing clk.o(i.CLK_GetHCLKFreq), (16 bytes).
    Removing clk.o(i.CLK_GetHXTFreq), (20 bytes).
    Removing clk.o(i.CLK_GetLXTFreq), (24 bytes).
    Removing clk.o(i.CLK_GetPCLKFreq), (32 bytes).
    Removing clk.o(i.CLK_Idle), (20 bytes).
    Removing clk.o(i.CLK_PowerDown), (28 bytes).
    Removing clk.o(i.CLK_SetCoreClock), (156 bytes).
    Removing clk.o(i.CLK_SetSysTickClockSrc), (20 bytes).
    Removing clk.o(i.CLK_SysTickDelay), (36 bytes).
    Removing gpio.o(.rev16_text), (4 bytes).
    Removing gpio.o(.revsh_text), (4 bytes).
    Removing gpio.o(i.GPIO_DisableInt), (24 bytes).
    Removing gpio.o(i.GPIO_EnableInt), (26 bytes).
    Removing i2s.o(.rev16_text), (4 bytes).
    Removing i2s.o(.revsh_text), (4 bytes).
    Removing i2s.o(i.I2S_Close), (10 bytes).
    Removing i2s.o(i.I2S_DisableInt), (8 bytes).
    Removing i2s.o(i.I2S_DisableMCLK), (10 bytes).
    Removing i2s.o(i.I2S_SetFIFO), (18 bytes).
    Removing retarget.o(.rev16_text), (4 bytes).
    Removing retarget.o(.revsh_text), (4 bytes).
    Removing retarget.o(i.GetChar), (44 bytes).
    Removing retarget.o(i.IsDebugFifoEmpty), (4 bytes).
    Removing retarget.o(i.SendChar_ToUART), (2 bytes).
    Removing retarget.o(i._sys_exit), (16 bytes).
    Removing retarget.o(i._ttywrch), (4 bytes).
    Removing retarget.o(i.ferror), (6 bytes).
    Removing retarget.o(i.fgetc), (4 bytes).
    Removing retarget.o(i.kbhit), (4 bytes).
    Removing retarget.o(.data), (4 bytes).
    Removing sys.o(.rev16_text), (4 bytes).
    Removing sys.o(.revsh_text), (4 bytes).
    Removing sys.o(i.SYS_ClearResetSrc), (12 bytes).
    Removing sys.o(i.SYS_DisableBOD), (14 bytes).
    Removing sys.o(i.SYS_EnableBOD), (26 bytes).
    Removing sys.o(i.SYS_GetBODStatus), (12 bytes).
    Removing sys.o(i.SYS_GetResetSrc), (8 bytes).
    Removing sys.o(i.SYS_IsRegLocked), (16 bytes).
    Removing sys.o(i.SYS_ReadPDID), (8 bytes).
    Removing sys.o(i.SYS_ResetCPU), (14 bytes).
    Removing sys.o(i.SYS_ResetChip), (14 bytes).
    Removing sys.o(i.SYS_ResetModule), (26 bytes).
    Removing uart.o(.rev16_text), (4 bytes).
    Removing uart.o(.revsh_text), (4 bytes).
    Removing uart.o(i.UART_ClearIntFlag), (64 bytes).
    Removing uart.o(i.UART_Close), (6 bytes).
    Removing uart.o(i.UART_DisableFlowCtrl), (10 bytes).
    Removing uart.o(i.UART_DisableInt), (8 bytes).
    Removing uart.o(i.UART_EnableFlowCtrl), (34 bytes).
    Removing uart.o(i.UART_EnableInt), (8 bytes).
    Removing uart.o(i.UART_Read), (26 bytes).
    Removing uart.o(i.UART_SelectIrDAMode), (116 bytes).
    Removing uart.o(i.UART_SelectRS485Mode), (20 bytes).
    Removing uart.o(i.UART_SetLine_Config), (124 bytes).
    Removing uart.o(i.UART_SetTimeoutCnt), (20 bytes).
    Removing uart.o(i.UART_Write), (26 bytes).
    Removing main.o(.rev16_text), (4 bytes).
    Removing main.o(.revsh_text), (4 bytes).
    Removing main.o(i.Delay), (16 bytes).
    Removing nuc472_442_isr.o(.rev16_text), (4 bytes).
    Removing nuc472_442_isr.o(.revsh_text), (4 bytes).
    Removing process.o(.rev16_text), (4 bytes).
    Removing process.o(.revsh_text), (4 bytes).
    Removing dadd.o(.text), (334 bytes).
    Removing dmul.o(.text), (228 bytes).
    Removing ddiv.o(.text), (222 bytes).
    Removing dfixul.o(.text), (48 bytes).
    Removing cdrcmple.o(.text), (40 bytes).
    Removing depilogue.o(.text), (190 bytes).

83 unused section(s) (total 3350 bytes) removed from the image.

==============================================================================

Image Symbol Table

    Local Symbols

    Symbol Name                              Value     Ov Type        Size  Object(Section)

    RESET                                    0x00000000   Section      632  startup_nuc472_442.o(RESET)
    ../clib/microlib/division.c              0x00000000   Number         0  uldiv.o ABSOLUTE
    ../clib/microlib/division.c              0x00000000   Number         0  uidiv.o ABSOLUTE
    ../clib/microlib/init/entry.s            0x00000000   Number         0  entry5.o ABSOLUTE
    ../clib/microlib/init/entry.s            0x00000000   Number         0  entry9b.o ABSOLUTE
    ../clib/microlib/init/entry.s            0x00000000   Number         0  entry10b.o ABSOLUTE
    ../clib/microlib/init/entry.s            0x00000000   Number         0  entry11a.o ABSOLUTE
    ../clib/microlib/init/entry.s            0x00000000   Number         0  entry7a.o ABSOLUTE
    ../clib/microlib/init/entry.s            0x00000000   Number         0  entry.o ABSOLUTE
    ../clib/microlib/init/entry.s            0x00000000   Number         0  entry10a.o ABSOLUTE
    ../clib/microlib/init/entry.s            0x00000000   Number         0  entry8a.o ABSOLUTE
    ../clib/microlib/init/entry.s            0x00000000   Number         0  entry8b.o ABSOLUTE
    ../clib/microlib/init/entry.s            0x00000000   Number         0  entry7b.o ABSOLUTE
    ../clib/microlib/init/entry.s            0x00000000   Number         0  entry9a.o ABSOLUTE
    ../clib/microlib/init/entry.s            0x00000000   Number         0  entry2.o ABSOLUTE
    ../clib/microlib/init/entry.s            0x00000000   Number         0  entry11b.o ABSOLUTE
    ../clib/microlib/longlong.c              0x00000000   Number         0  llsshr.o ABSOLUTE
    ../clib/microlib/longlong.c              0x00000000   Number         0  llushr.o ABSOLUTE
    ../clib/microlib/longlong.c              0x00000000   Number         0  llshl.o ABSOLUTE
    ../clib/microlib/printf/printf.c         0x00000000   Number         0  printf3.o ABSOLUTE
    ../clib/microlib/printf/printf.c         0x00000000   Number         0  printf2.o ABSOLUTE
    ../clib/microlib/printf/printf.c         0x00000000   Number         0  printf1.o ABSOLUTE
    ../clib/microlib/printf/printf.c         0x00000000   Number         0  printfb.o ABSOLUTE
    ../clib/microlib/printf/printf.c         0x00000000   Number         0  printfa.o ABSOLUTE
    ../clib/microlib/printf/printf.c         0x00000000   Number         0  printf8.o ABSOLUTE
    ../clib/microlib/printf/printf.c         0x00000000   Number         0  printf7.o ABSOLUTE
    ../clib/microlib/printf/printf.c         0x00000000   Number         0  printf6.o ABSOLUTE
    ../clib/microlib/printf/printf.c         0x00000000   Number         0  printf5.o ABSOLUTE
    ../clib/microlib/printf/printf.c         0x00000000   Number         0  printf0.o ABSOLUTE
    ../clib/microlib/printf/printf.c         0x00000000   Number         0  printf4.o ABSOLUTE
    ../clib/microlib/printf/stubs.s          0x00000000   Number         0  stubs.o ABSOLUTE
    ../clib/microlib/stubs.s                 0x00000000   Number         0  iusefp.o ABSOLUTE
    ../fplib/microlib/fpadd.c                0x00000000   Number         0  dadd.o ABSOLUTE
    ../fplib/microlib/fpdiv.c                0x00000000   Number         0  ddiv.o ABSOLUTE
    ../fplib/microlib/fpepilogue.c           0x00000000   Number         0  depilogue.o ABSOLUTE
    ../fplib/microlib/fpfix.c                0x00000000   Number         0  dfixul.o ABSOLUTE
    ../fplib/microlib/fpmul.c                0x00000000   Number         0  dmul.o ABSOLUTE
    ..\Library\Device\Nuvoton\NUC472_442\Source\ARM\startup_NUC472_442.s 0x00000000   Number         0  startup_nuc472_442.o ABSOLUTE
    ..\Library\Device\Nuvoton\NUC472_442\Source\system_NUC472_442.c 0x00000000   Number         0  system_nuc472_442.o ABSOLUTE
    ..\Library\StdDriver\src\clk.c           0x00000000   Number         0  clk.o ABSOLUTE
    ..\Library\StdDriver\src\gpio.c          0x00000000   Number         0  gpio.o ABSOLUTE
    ..\Library\StdDriver\src\i2s.c           0x00000000   Number         0  i2s.o ABSOLUTE
    ..\Library\StdDriver\src\retarget.c      0x00000000   Number         0  retarget.o ABSOLUTE
    ..\Library\StdDriver\src\sys.c           0x00000000   Number         0  sys.o ABSOLUTE
    ..\Library\StdDriver\src\uart.c          0x00000000   Number         0  uart.o ABSOLUTE
    ..\User\main.c                           0x00000000   Number         0  main.o ABSOLUTE
    ..\User\nuc472_442_isr.c                 0x00000000   Number         0  nuc472_442_isr.o ABSOLUTE
    ..\User\process.c                        0x00000000   Number         0  process.o ABSOLUTE
    ..\\Library\\Device\\Nuvoton\\NUC472_442\\Source\\system_NUC472_442.c 0x00000000   Number         0  system_nuc472_442.o ABSOLUTE
    ..\\Library\\StdDriver\\src\\clk.c       0x00000000   Number         0  clk.o ABSOLUTE
    ..\\Library\\StdDriver\\src\\gpio.c      0x00000000   Number         0  gpio.o ABSOLUTE
    ..\\Library\\StdDriver\\src\\i2s.c       0x00000000   Number         0  i2s.o ABSOLUTE
    ..\\Library\\StdDriver\\src\\retarget.c  0x00000000   Number         0  retarget.o ABSOLUTE
    ..\\Library\\StdDriver\\src\\sys.c       0x00000000   Number         0  sys.o ABSOLUTE
    ..\\Library\\StdDriver\\src\\uart.c      0x00000000   Number         0  uart.o ABSOLUTE
    ..\\User\\main.c                         0x00000000   Number         0  main.o ABSOLUTE
    ..\\User\\nuc472_442_isr.c               0x00000000   Number         0  nuc472_442_isr.o ABSOLUTE
    ..\\User\\process.c                      0x00000000   Number         0  process.o ABSOLUTE
    cdrcmple.s                               0x00000000   Number         0  cdrcmple.o ABSOLUTE
    handlers.s                               0x00000000   Number         0  handlers.o ABSOLUTE
    init.s                                   0x00000000   Number         0  init.o ABSOLUTE
    .ARM.Collect$$$$00000000                 0x00000278   Section        0  entry.o(.ARM.Collect$$$$00000000)
    .ARM.Collect$$$$00000001                 0x00000278   Section        4  entry2.o(.ARM.Collect$$$$00000001)
    .ARM.Collect$$$$00000004                 0x0000027c   Section        4  entry5.o(.ARM.Collect$$$$00000004)
    .ARM.Collect$$$$00000008                 0x00000280   Section        0  entry7b.o(.ARM.Collect$$$$00000008)
    .ARM.Collect$$$$0000000A                 0x00000280   Section        0  entry8b.o(.ARM.Collect$$$$0000000A)
    .ARM.Collect$$$$0000000B                 0x00000280   Section        8  entry9a.o(.ARM.Collect$$$$0000000B)
    .ARM.Collect$$$$0000000D                 0x00000288   Section        0  entry10a.o(.ARM.Collect$$$$0000000D)
    .ARM.Collect$$$$0000000F                 0x00000288   Section        0  entry11a.o(.ARM.Collect$$$$0000000F)
    .ARM.Collect$$$$00002712                 0x00000288   Section        4  entry2.o(.ARM.Collect$$$$00002712)
    __lit__00000000                          0x00000288   Data           4  entry2.o(.ARM.Collect$$$$00002712)
    .emb_text                                0x0000028c   Section       82  retarget.o(.emb_text)
    $v0                                      0x0000028c   Number         0  retarget.o(.emb_text)
    .text                                    0x000002e0   Section      104  startup_nuc472_442.o(.text)
    $v0                                      0x000002e0   Number         0  startup_nuc472_442.o(.text)
    Default_Handler                          0x0000032d   Thumb Code     2  startup_nuc472_442.o(.text)
    .text                                    0x00000348   Section        0  uldiv.o(.text)
    .text                                    0x000003ac   Section       36  init.o(.text)
    .text                                    0x000003d0   Section        0  llshl.o(.text)
    .text                                    0x000003ee   Section        0  llushr.o(.text)
    i.CLK_EnableModuleClock                  0x0000040e   Section        0  clk.o(i.CLK_EnableModuleClock)
    i.CLK_EnableXtalRC                       0x0000042c   Section        0  clk.o(i.CLK_EnableXtalRC)
    i.CLK_GetPLLClockFreq                    0x0000043c   Section        0  clk.o(i.CLK_GetPLLClockFreq)
    i.CLK_SetHCLK                            0x00000498   Section        0  clk.o(i.CLK_SetHCLK)
    i.CLK_SetModuleClock                     0x000004b8   Section        0  clk.o(i.CLK_SetModuleClock)
    i.CLK_WaitClockReady                     0x00000508   Section        0  clk.o(i.CLK_WaitClockReady)
    i.GPIO_SetMode                           0x00000534   Section        0  gpio.o(i.GPIO_SetMode)
    i.Hard_Fault_Handler                     0x00000560   Section        0  retarget.o(i.Hard_Fault_Handler)
    __tagsym$$used                           0x00000561   Number         0  retarget.o(i.Hard_Fault_Handler)
    i.I2S1_IRQHandler                        0x00000588   Section        0  nuc472_442_isr.o(i.I2S1_IRQHandler)
    i.I2S_EnableInt                          0x00000608   Section        0  i2s.o(i.I2S_EnableInt)
    i.I2S_EnableMCLK                         0x00000610   Section        0  i2s.o(i.I2S_EnableMCLK)
    i.I2S_GetSourceClockFreq                 0x0000064c   Section        0  i2s.o(i.I2S_GetSourceClockFreq)
    I2S_GetSourceClockFreq                   0x0000064d   Thumb Code    64  i2s.o(i.I2S_GetSourceClockFreq)
    i.I2S_Open                               0x0000069c   Section        0  i2s.o(i.I2S_Open)
    i.SYS_Init                               0x00000740   Section        0  main.o(i.SYS_Init)
    i.SYS_LockReg                            0x000007ec   Section        0  sys.o(i.SYS_LockReg)
    i.SYS_UnlockReg                          0x000007f8   Section        0  sys.o(i.SYS_UnlockReg)
    i.SendChar                               0x0000081c   Section        0  retarget.o(i.SendChar)
    i.SystemCoreClockUpdate                  0x00000864   Section        0  system_nuc472_442.o(i.SystemCoreClockUpdate)
    i.SystemInit                             0x000008ac   Section        0  system_nuc472_442.o(i.SystemInit)
    i.UART_Open                              0x000008bc   Section        0  uart.o(i.UART_Open)
    i.__0printf$5                            0x0000092c   Section        0  printf5.o(i.__0printf$5)
    i.__scatterload_copy                     0x0000094c   Section       14  handlers.o(i.__scatterload_copy)
    i.__scatterload_null                     0x0000095a   Section        2  handlers.o(i.__scatterload_null)
    i.__scatterload_zeroinit                 0x0000095c   Section       14  handlers.o(i.__scatterload_zeroinit)
    i._printf_core                           0x0000096c   Section        0  printf5.o(i._printf_core)
    _printf_core                             0x0000096d   Thumb Code   658  printf5.o(i._printf_core)
    i.fputc                                  0x00000c2c   Section        0  retarget.o(i.fputc)
    i.main                                   0x00000c38   Section        0  main.o(i.main)
    i.process                                0x00000dc0   Section        0  process.o(i.process)
    i.stackDump                              0x00000e20   Section        0  retarget.o(i.stackDump)
    stackDump                                0x00000e21   Thumb Code    72  retarget.o(i.stackDump)
    .constdata                               0x00000ec8   Section       48  uart.o(.constdata)
    .constdata                               0x00000ef8   Section      228  main.o(.constdata)
    .data                                    0x20000000   Section       40  system_nuc472_442.o(.data)
    .data                                    0x20000028   Section        1  retarget.o(.data)
    g_buf_len                                0x20000028   Data           1  retarget.o(.data)
    .data                                    0x2000002c   Section        4  retarget.o(.data)
    .data                                    0x20000030   Section        8  nuc472_442_isr.o(.data)
    prx_buff                                 0x20000030   Data           4  nuc472_442_isr.o(.data)
    ptx_buff                                 0x20000034   Data           4  nuc472_442_isr.o(.data)
    .data                                    0x20000038   Section       12  process.o(.data)
    .bss                                     0x20000044   Section       16  retarget.o(.bss)
    g_buf                                    0x20000044   Data          16  retarget.o(.bss)
    .bss                                     0x20000054   Section    21120  process.o(.bss)
    STACK                                    0x200052d8   Section     4096  startup_nuc472_442.o(STACK)

    Global Symbols

    Symbol Name                              Value     Ov Type        Size  Object(Section)

    BuildAttributes$$THM_ISAv4$E$P$D$K$B$S$7EM$VFPi3$EXTD16$VFPS$VFMA$PE$A:L22UL41UL21$X:L11$S22US41US21$IEEE1$IW$USESV6$~STKCKD$USESV7$~SHL$OSPACE$ROPI$EBA8$MICROLIB$REQ8$PRES8$EABIv2 0x00000000   Number         0  anon$$obj.o ABSOLUTE
    __ARM_use_no_argv                        0x00000000   Number         0  main.o ABSOLUTE
    __Vectors                                0x00000000   Data           4  startup_nuc472_442.o(RESET)
    _printf_a                                0x00000000   Number         0  stubs.o ABSOLUTE
    _printf_c                                0x00000000   Number         0  stubs.o ABSOLUTE
    _printf_charcount                        0x00000000   Number         0  stubs.o ABSOLUTE
    _printf_d                                0x00000000   Number         0  stubs.o ABSOLUTE
    _printf_e                                0x00000000   Number         0  stubs.o ABSOLUTE
    _printf_f                                0x00000000   Number         0  stubs.o ABSOLUTE
    _printf_flags                            0x00000000   Number         0  stubs.o ABSOLUTE
    _printf_fp_dec                           0x00000000   Number         0  stubs.o ABSOLUTE
    _printf_fp_hex                           0x00000000   Number         0  stubs.o ABSOLUTE
    _printf_g                                0x00000000   Number         0  stubs.o ABSOLUTE
    _printf_i                                0x00000000   Number         0  stubs.o ABSOLUTE
    _printf_int_dec                          0x00000000   Number         0  stubs.o ABSOLUTE
    _printf_l                                0x00000000   Number         0  stubs.o ABSOLUTE
    _printf_lc                               0x00000000   Number         0  stubs.o ABSOLUTE
    _printf_ll                               0x00000000   Number         0  stubs.o ABSOLUTE
    _printf_lld                              0x00000000   Number         0  stubs.o ABSOLUTE
    _printf_lli                              0x00000000   Number         0  stubs.o ABSOLUTE
    _printf_llo                              0x00000000   Number         0  stubs.o ABSOLUTE
    _printf_llu                              0x00000000   Number         0  stubs.o ABSOLUTE
    _printf_llx                              0x00000000   Number         0  stubs.o ABSOLUTE
    _printf_longlong_dec                     0x00000000   Number         0  stubs.o ABSOLUTE
    _printf_longlong_hex                     0x00000000   Number         0  stubs.o ABSOLUTE
    _printf_longlong_oct                     0x00000000   Number         0  stubs.o ABSOLUTE
    _printf_ls                               0x00000000   Number         0  stubs.o ABSOLUTE
    _printf_mbtowc                           0x00000000   Number         0  stubs.o ABSOLUTE
    _printf_n                                0x00000000   Number         0  stubs.o ABSOLUTE
    _printf_o                                0x00000000   Number         0  stubs.o ABSOLUTE
    _printf_p                                0x00000000   Number         0  stubs.o ABSOLUTE
    _printf_percent                          0x00000000   Number         0  stubs.o ABSOLUTE
    _printf_pre_padding                      0x00000000   Number         0  stubs.o ABSOLUTE
    _printf_return_value                     0x00000000   Number         0  stubs.o ABSOLUTE
    _printf_s                                0x00000000   Number         0  stubs.o ABSOLUTE
    _printf_sizespec                         0x00000000   Number         0  stubs.o ABSOLUTE
    _printf_str                              0x00000000   Number         0  stubs.o ABSOLUTE
    _printf_truncate_signed                  0x00000000   Number         0  stubs.o ABSOLUTE
    _printf_truncate_unsigned                0x00000000   Number         0  stubs.o ABSOLUTE
    _printf_u                                0x00000000   Number         0  stubs.o ABSOLUTE
    _printf_wc                               0x00000000   Number         0  stubs.o ABSOLUTE
    _printf_wctomb                           0x00000000   Number         0  stubs.o ABSOLUTE
    _printf_widthprec                        0x00000000   Number         0  stubs.o ABSOLUTE
    _printf_x                                0x00000000   Number         0  stubs.o ABSOLUTE
    __cpp_initialize__aeabi_                  - Undefined Weak Reference
    __cxa_finalize                            - Undefined Weak Reference
    __decompress                              - Undefined Weak Reference
    _clock_init                               - Undefined Weak Reference
    _microlib_exit                            - Undefined Weak Reference
    __Vectors_End                            0x00000278   Data           0  startup_nuc472_442.o(RESET)
    __Vectors_Size                           0x00000278   Number         0  startup_nuc472_442.o ABSOLUTE
    __main                                   0x00000279   Thumb Code     0  entry.o(.ARM.Collect$$$$00000000)
    _main_stk                                0x00000279   Thumb Code     0  entry2.o(.ARM.Collect$$$$00000001)
    _main_scatterload                        0x0000027d   Thumb Code     0  entry5.o(.ARM.Collect$$$$00000004)
    __main_after_scatterload                 0x00000281   Thumb Code     0  entry5.o(.ARM.Collect$$$$00000004)
    _main_clock                              0x00000281   Thumb Code     0  entry7b.o(.ARM.Collect$$$$00000008)
    _main_cpp_init                           0x00000281   Thumb Code     0  entry8b.o(.ARM.Collect$$$$0000000A)
    _main_init                               0x00000281   Thumb Code     0  entry9a.o(.ARM.Collect$$$$0000000B)
    __rt_final_cpp                           0x00000289   Thumb Code     0  entry10a.o(.ARM.Collect$$$$0000000D)
    __rt_final_exit                          0x00000289   Thumb Code     0  entry11a.o(.ARM.Collect$$$$0000000F)
    HardFault_Handler                        0x0000028d   Thumb Code    60  retarget.o(.emb_text)
    SH_DoCommand                             0x000002cd   Thumb Code    18  retarget.o(.emb_text)
    Reset_Handler                            0x000002e1   Thumb Code    58  startup_nuc472_442.o(.text)
    NMI_Handler                              0x0000031b   Thumb Code     2  startup_nuc472_442.o(.text)
    MemManage_Handler                        0x0000031f   Thumb Code     2  startup_nuc472_442.o(.text)
    BusFault_Handler                         0x00000321   Thumb Code     2  startup_nuc472_442.o(.text)
    UsageFault_Handler                       0x00000323   Thumb Code     2  startup_nuc472_442.o(.text)
    SVC_Handler                              0x00000325   Thumb Code     2  startup_nuc472_442.o(.text)
    DebugMon_Handler                         0x00000327   Thumb Code     2  startup_nuc472_442.o(.text)
    PendSV_Handler                           0x00000329   Thumb Code     2  startup_nuc472_442.o(.text)
    SysTick_Handler                          0x0000032b   Thumb Code     2  startup_nuc472_442.o(.text)
    ACMP_IRQHandler                          0x0000032d   Thumb Code     0  startup_nuc472_442.o(.text)
    ADC_IRQHandler                           0x0000032d   Thumb Code     0  startup_nuc472_442.o(.text)
    BOD_IRQHandler                           0x0000032d   Thumb Code     0  startup_nuc472_442.o(.text)
    CAN0_IRQHandler                          0x0000032d   Thumb Code     0  startup_nuc472_442.o(.text)
    CAN1_IRQHandler                          0x0000032d   Thumb Code     0  startup_nuc472_442.o(.text)
    CAP_IRQHandler                           0x0000032d   Thumb Code     0  startup_nuc472_442.o(.text)
    CLKF_IRQHandler                          0x0000032d   Thumb Code     0  startup_nuc472_442.o(.text)
    CRC_IRQHandler                           0x0000032d   Thumb Code     0  startup_nuc472_442.o(.text)
    CRYPTO_IRQHandler                        0x0000032d   Thumb Code     0  startup_nuc472_442.o(.text)
    EADC0_IRQHandler                         0x0000032d   Thumb Code     0  startup_nuc472_442.o(.text)
    EADC1_IRQHandler                         0x0000032d   Thumb Code     0  startup_nuc472_442.o(.text)
    EADC2_IRQHandler                         0x0000032d   Thumb Code     0  startup_nuc472_442.o(.text)
    EADC3_IRQHandler                         0x0000032d   Thumb Code     0  startup_nuc472_442.o(.text)
    EINT0_IRQHandler                         0x0000032d   Thumb Code     0  startup_nuc472_442.o(.text)
    EINT1_IRQHandler                         0x0000032d   Thumb Code     0  startup_nuc472_442.o(.text)
    EINT2_IRQHandler                         0x0000032d   Thumb Code     0  startup_nuc472_442.o(.text)
    EINT3_IRQHandler                         0x0000032d   Thumb Code     0  startup_nuc472_442.o(.text)
    EINT4_IRQHandler                         0x0000032d   Thumb Code     0  startup_nuc472_442.o(.text)
    EINT5_IRQHandler                         0x0000032d   Thumb Code     0  startup_nuc472_442.o(.text)
    EINT6_IRQHandler                         0x0000032d   Thumb Code     0  startup_nuc472_442.o(.text)
    EINT7_IRQHandler                         0x0000032d   Thumb Code     0  startup_nuc472_442.o(.text)
    EMAC_RX_IRQHandler                       0x0000032d   Thumb Code     0  startup_nuc472_442.o(.text)
    EMAC_TX_IRQHandler                       0x0000032d   Thumb Code     0  startup_nuc472_442.o(.text)
    EPWM0BRK_IRQHandler                      0x0000032d   Thumb Code     0  startup_nuc472_442.o(.text)
    EPWM0_IRQHandler                         0x0000032d   Thumb Code     0  startup_nuc472_442.o(.text)
    EPWM1BRK_IRQHandler                      0x0000032d   Thumb Code     0  startup_nuc472_442.o(.text)
    EPWM1_IRQHandler                         0x0000032d   Thumb Code     0  startup_nuc472_442.o(.text)
    GPA_IRQHandler                           0x0000032d   Thumb Code     0  startup_nuc472_442.o(.text)
    GPB_IRQHandler                           0x0000032d   Thumb Code     0  startup_nuc472_442.o(.text)
    GPC_IRQHandler                           0x0000032d   Thumb Code     0  startup_nuc472_442.o(.text)
    GPD_IRQHandler                           0x0000032d   Thumb Code     0  startup_nuc472_442.o(.text)
    GPE_IRQHandler                           0x0000032d   Thumb Code     0  startup_nuc472_442.o(.text)
    GPF_IRQHandler                           0x0000032d   Thumb Code     0  startup_nuc472_442.o(.text)
    GPG_IRQHandler                           0x0000032d   Thumb Code     0  startup_nuc472_442.o(.text)
    GPH_IRQHandler                           0x0000032d   Thumb Code     0  startup_nuc472_442.o(.text)
    GPI_IRQHandler                           0x0000032d   Thumb Code     0  startup_nuc472_442.o(.text)
    I2C0_IRQHandler                          0x0000032d   Thumb Code     0  startup_nuc472_442.o(.text)
    I2C1_IRQHandler                          0x0000032d   Thumb Code     0  startup_nuc472_442.o(.text)
    I2C2_IRQHandler                          0x0000032d   Thumb Code     0  startup_nuc472_442.o(.text)
    I2C3_IRQHandler                          0x0000032d   Thumb Code     0  startup_nuc472_442.o(.text)
    I2C4_IRQHandler                          0x0000032d   Thumb Code     0  startup_nuc472_442.o(.text)
    I2S0_IRQHandler                          0x0000032d   Thumb Code     0  startup_nuc472_442.o(.text)
    ICAP0_IRQHandler                         0x0000032d   Thumb Code     0  startup_nuc472_442.o(.text)
    ICAP1_IRQHandler                         0x0000032d   Thumb Code     0  startup_nuc472_442.o(.text)
    IRC_IRQHandler                           0x0000032d   Thumb Code     0  startup_nuc472_442.o(.text)
    OPA0_IRQHandler                          0x0000032d   Thumb Code     0  startup_nuc472_442.o(.text)
    OPA1_IRQHandler                          0x0000032d   Thumb Code     0  startup_nuc472_442.o(.text)
    PDMA_IRQHandler                          0x0000032d   Thumb Code     0  startup_nuc472_442.o(.text)
    PS2D_IRQHandler                          0x0000032d   Thumb Code     0  startup_nuc472_442.o(.text)
    PWM0CH0_IRQHandler                       0x0000032d   Thumb Code     0  startup_nuc472_442.o(.text)
    PWM0CH1_IRQHandler                       0x0000032d   Thumb Code     0  startup_nuc472_442.o(.text)
    PWM0CH2_IRQHandler                       0x0000032d   Thumb Code     0  startup_nuc472_442.o(.text)
    PWM0CH3_IRQHandler                       0x0000032d   Thumb Code     0  startup_nuc472_442.o(.text)
    PWM0CH4_IRQHandler                       0x0000032d   Thumb Code     0  startup_nuc472_442.o(.text)
    PWM0CH5_IRQHandler                       0x0000032d   Thumb Code     0  startup_nuc472_442.o(.text)
    PWM0_BRK_IRQHandler                      0x0000032d   Thumb Code     0  startup_nuc472_442.o(.text)
    PWM1CH0_IRQHandler                       0x0000032d   Thumb Code     0  startup_nuc472_442.o(.text)
    PWM1CH1_IRQHandler                       0x0000032d   Thumb Code     0  startup_nuc472_442.o(.text)
    PWM1CH2_IRQHandler                       0x0000032d   Thumb Code     0  startup_nuc472_442.o(.text)
    PWM1CH3_IRQHandler                       0x0000032d   Thumb Code     0  startup_nuc472_442.o(.text)
    PWM1CH4_IRQHandler                       0x0000032d   Thumb Code     0  startup_nuc472_442.o(.text)
    PWM1CH5_IRQHandler                       0x0000032d   Thumb Code     0  startup_nuc472_442.o(.text)
    PWM1_BRK_IRQHandler                      0x0000032d   Thumb Code     0  startup_nuc472_442.o(.text)
    PWRWU_IRQHandler                         0x0000032d   Thumb Code     0  startup_nuc472_442.o(.text)
    QEI0_IRQHandler                          0x0000032d   Thumb Code     0  startup_nuc472_442.o(.text)
    QEI1_IRQHandler                          0x0000032d   Thumb Code     0  startup_nuc472_442.o(.text)
    RTC_IRQHandler                           0x0000032d   Thumb Code     0  startup_nuc472_442.o(.text)
    SC0_IRQHandler                           0x0000032d   Thumb Code     0  startup_nuc472_442.o(.text)
    SC1_IRQHandler                           0x0000032d   Thumb Code     0  startup_nuc472_442.o(.text)
    SC2_IRQHandler                           0x0000032d   Thumb Code     0  startup_nuc472_442.o(.text)
    SC3_IRQHandler                           0x0000032d   Thumb Code     0  startup_nuc472_442.o(.text)
    SC4_IRQHandler                           0x0000032d   Thumb Code     0  startup_nuc472_442.o(.text)
    SC5_IRQHandler                           0x0000032d   Thumb Code     0  startup_nuc472_442.o(.text)
    SD_IRQHandler                            0x0000032d   Thumb Code     0  startup_nuc472_442.o(.text)
    SPI0_IRQHandler                          0x0000032d   Thumb Code     0  startup_nuc472_442.o(.text)
    SPI1_IRQHandler                          0x0000032d   Thumb Code     0  startup_nuc472_442.o(.text)
    SPI2_IRQHandler                          0x0000032d   Thumb Code     0  startup_nuc472_442.o(.text)
    SPI3_IRQHandler                          0x0000032d   Thumb Code     0  startup_nuc472_442.o(.text)
    SRAMF_IRQHandler                         0x0000032d   Thumb Code     0  startup_nuc472_442.o(.text)
    TAMPER_IRQHandler                        0x0000032d   Thumb Code     0  startup_nuc472_442.o(.text)
    TMR0_IRQHandler                          0x0000032d   Thumb Code     0  startup_nuc472_442.o(.text)
    TMR1_IRQHandler                          0x0000032d   Thumb Code     0  startup_nuc472_442.o(.text)
    TMR2_IRQHandler                          0x0000032d   Thumb Code     0  startup_nuc472_442.o(.text)
    TMR3_IRQHandler                          0x0000032d   Thumb Code     0  startup_nuc472_442.o(.text)
    UART0_IRQHandler                         0x0000032d   Thumb Code     0  startup_nuc472_442.o(.text)
    UART1_IRQHandler                         0x0000032d   Thumb Code     0  startup_nuc472_442.o(.text)
    UART2_IRQHandler                         0x0000032d   Thumb Code     0  startup_nuc472_442.o(.text)
    UART3_IRQHandler                         0x0000032d   Thumb Code     0  startup_nuc472_442.o(.text)
    UART4_IRQHandler                         0x0000032d   Thumb Code     0  startup_nuc472_442.o(.text)
    UART5_IRQHandler                         0x0000032d   Thumb Code     0  startup_nuc472_442.o(.text)
    USBD_IRQHandler                          0x0000032d   Thumb Code     0  startup_nuc472_442.o(.text)
    USBH_IRQHandler                          0x0000032d   Thumb Code     0  startup_nuc472_442.o(.text)
    USB_OTG_IRQHandler                       0x0000032d   Thumb Code     0  startup_nuc472_442.o(.text)
    WDT_IRQHandler                           0x0000032d   Thumb Code     0  startup_nuc472_442.o(.text)
    WWDT_IRQHandler                          0x0000032d   Thumb Code     0  startup_nuc472_442.o(.text)
    __aeabi_uldivmod                         0x00000349   Thumb Code    98  uldiv.o(.text)
    __scatterload                            0x000003ad   Thumb Code    28  init.o(.text)
    __scatterload_rt2                        0x000003ad   Thumb Code     0  init.o(.text)
    __aeabi_llsl                             0x000003d1   Thumb Code    30  llshl.o(.text)
    _ll_shift_l                              0x000003d1   Thumb Code     0  llshl.o(.text)
    __aeabi_llsr                             0x000003ef   Thumb Code    32  llushr.o(.text)
    _ll_ushift_r                             0x000003ef   Thumb Code     0  llushr.o(.text)
    CLK_EnableModuleClock                    0x0000040f   Thumb Code    30  clk.o(i.CLK_EnableModuleClock)
    CLK_EnableXtalRC                         0x0000042d   Thumb Code    10  clk.o(i.CLK_EnableXtalRC)
    CLK_GetPLLClockFreq                      0x0000043d   Thumb Code    80  clk.o(i.CLK_GetPLLClockFreq)
    CLK_SetHCLK                              0x00000499   Thumb Code    26  clk.o(i.CLK_SetHCLK)
    CLK_SetModuleClock                       0x000004b9   Thumb Code    74  clk.o(i.CLK_SetModuleClock)
    CLK_WaitClockReady                       0x00000509   Thumb Code    38  clk.o(i.CLK_WaitClockReady)
    GPIO_SetMode                             0x00000535   Thumb Code    44  gpio.o(i.GPIO_SetMode)
    Hard_Fault_Handler                       0x00000561   Thumb Code    16  retarget.o(i.Hard_Fault_Handler)
    I2S1_IRQHandler                          0x00000589   Thumb Code   108  nuc472_442_isr.o(i.I2S1_IRQHandler)
    I2S_EnableInt                            0x00000609   Thumb Code     8  i2s.o(i.I2S_EnableInt)
    I2S_EnableMCLK                           0x00000611   Thumb Code    60  i2s.o(i.I2S_EnableMCLK)
    I2S_Open                                 0x0000069d   Thumb Code   154  i2s.o(i.I2S_Open)
    SYS_Init                                 0x00000741   Thumb Code   160  main.o(i.SYS_Init)
    SYS_LockReg                              0x000007ed   Thumb Code     8  sys.o(i.SYS_LockReg)
    SYS_UnlockReg                            0x000007f9   Thumb Code    36  sys.o(i.SYS_UnlockReg)
    SendChar                                 0x0000081d   Thumb Code    62  retarget.o(i.SendChar)
    SystemCoreClockUpdate                    0x00000865   Thumb Code    64  system_nuc472_442.o(i.SystemCoreClockUpdate)
    SystemInit                               0x000008ad   Thumb Code    12  system_nuc472_442.o(i.SystemInit)
    UART_Open                                0x000008bd   Thumb Code   104  uart.o(i.UART_Open)
    __0printf$5                              0x0000092d   Thumb Code    22  printf5.o(i.__0printf$5)
    __1printf$5                              0x0000092d   Thumb Code     0  printf5.o(i.__0printf$5)
    __2printf                                0x0000092d   Thumb Code     0  printf5.o(i.__0printf$5)
    __scatterload_copy                       0x0000094d   Thumb Code    14  handlers.o(i.__scatterload_copy)
    __scatterload_null                       0x0000095b   Thumb Code     2  handlers.o(i.__scatterload_null)
    __scatterload_zeroinit                   0x0000095d   Thumb Code    14  handlers.o(i.__scatterload_zeroinit)
    fputc                                    0x00000c2d   Thumb Code    12  retarget.o(i.fputc)
    main                                     0x00000c39   Thumb Code   358  main.o(i.main)
    process                                  0x00000dc1   Thumb Code    86  process.o(i.process)
    Region$$Table$$Base                      0x00000fdc   Number         0  anon$$obj.o(Region$$Table)
    Region$$Table$$Limit                     0x00000ffc   Number         0  anon$$obj.o(Region$$Table)
    SystemCoreClock                          0x20000000   Data           4  system_nuc472_442.o(.data)
    CyclesPerUs                              0x20000004   Data           4  system_nuc472_442.o(.data)
    gau32ClkSrcTbl                           0x20000008   Data          32  system_nuc472_442.o(.data)
    __stdout                                 0x2000002c   Data           4  retarget.o(.data)
    u32rx_buffpos                            0x20000038   Data           4  process.o(.data)
    u32tx_buffpos                            0x2000003c   Data           4  process.o(.data)
    u32datacount                             0x20000040   Data           4  process.o(.data)
    rx_buff                                  0x20000054   Data       19200  process.o(.bss)
    tx_buff                                  0x20004b54   Data        1920  process.o(.bss)
    __initial_sp                             0x200062d8   Data           0  startup_nuc472_442.o(STACK)



==============================================================================

Memory Map of the image

  Image Entry point : 0x000002e1

  Load Region LR_1 (Base: 0x00000000, Size: 0x00001040, Max: 0xffffffff, ABSOLUTE)

    Execution Region ER_RO (Base: 0x00000000, Size: 0x00000ffc, Max: 0xffffffff, ABSOLUTE)

    Base Addr    Size         Type   Attr      Idx    E Section Name        Object

    0x00000000   0x00000278   Data   RO          151    RESET               startup_nuc472_442.o
    0x00000278   0x00000000   Code   RO          813  * .ARM.Collect$$$$00000000  mc_w.l(entry.o)
    0x00000278   0x00000004   Code   RO         1075    .ARM.Collect$$$$00000001  mc_w.l(entry2.o)
    0x0000027c   0x00000004   Code   RO         1078    .ARM.Collect$$$$00000004  mc_w.l(entry5.o)
    0x00000280   0x00000000   Code   RO         1080    .ARM.Collect$$$$00000008  mc_w.l(entry7b.o)
    0x00000280   0x00000000   Code   RO         1082    .ARM.Collect$$$$0000000A  mc_w.l(entry8b.o)
    0x00000280   0x00000008   Code   RO         1083    .ARM.Collect$$$$0000000B  mc_w.l(entry9a.o)
    0x00000288   0x00000000   Code   RO         1085    .ARM.Collect$$$$0000000D  mc_w.l(entry10a.o)
    0x00000288   0x00000000   Code   RO         1087    .ARM.Collect$$$$0000000F  mc_w.l(entry11a.o)
    0x00000288   0x00000004   Code   RO         1076    .ARM.Collect$$$$00002712  mc_w.l(entry2.o)
    0x0000028c   0x00000052   Code   RO          433    .emb_text           retarget.o
    0x000002de   0x00000002   PAD
    0x000002e0   0x00000068   Code   RO          152  * .text               startup_nuc472_442.o
    0x00000348   0x00000062   Code   RO         1091    .text               mc_w.l(uldiv.o)
    0x000003aa   0x00000002   PAD
    0x000003ac   0x00000024   Code   RO         1104    .text               mc_w.l(init.o)
    0x000003d0   0x0000001e   Code   RO         1106    .text               mc_w.l(llshl.o)
    0x000003ee   0x00000020   Code   RO         1108    .text               mc_w.l(llushr.o)
    0x0000040e   0x0000001e   Code   RO          164    i.CLK_EnableModuleClock  clk.o
    0x0000042c   0x00000010   Code   RO          167    i.CLK_EnableXtalRC  clk.o
    0x0000043c   0x0000005c   Code   RO          173    i.CLK_GetPLLClockFreq  clk.o
    0x00000498   0x00000020   Code   RO          177    i.CLK_SetHCLK       clk.o
    0x000004b8   0x00000050   Code   RO          178    i.CLK_SetModuleClock  clk.o
    0x00000508   0x0000002c   Code   RO          181    i.CLK_WaitClockReady  clk.o
    0x00000534   0x0000002c   Code   RO          320    i.GPIO_SetMode      gpio.o
    0x00000560   0x00000028   Code   RO          435    i.Hard_Fault_Handler  retarget.o
    0x00000588   0x00000080   Code   RO          760    i.I2S1_IRQHandler   nuc472_442_isr.o
    0x00000608   0x00000008   Code   RO          353    i.I2S_EnableInt     i2s.o
    0x00000610   0x0000003c   Code   RO          354    i.I2S_EnableMCLK    i2s.o
    0x0000064c   0x00000050   Code   RO          355    i.I2S_GetSourceClockFreq  i2s.o
    0x0000069c   0x000000a4   Code   RO          356    i.I2S_Open          i2s.o
    0x00000740   0x000000ac   Code   RO          711    i.SYS_Init          main.o
    0x000007ec   0x0000000c   Code   RO          537    i.SYS_LockReg       sys.o
    0x000007f8   0x00000024   Code   RO          542    i.SYS_UnlockReg     sys.o
    0x0000081c   0x00000048   Code   RO          437    i.SendChar          retarget.o
    0x00000864   0x00000048   Code   RO            3    i.SystemCoreClockUpdate  system_nuc472_442.o
    0x000008ac   0x00000010   Code   RO            4    i.SystemInit        system_nuc472_442.o
    0x000008bc   0x00000070   Code   RO          623    i.UART_Open         uart.o
    0x0000092c   0x00000020   Code   RO          947    i.__0printf$5       mc_w.l(printf5.o)
    0x0000094c   0x0000000e   Code   RO         1116    i.__scatterload_copy  mc_w.l(handlers.o)
    0x0000095a   0x00000002   Code   RO         1117    i.__scatterload_null  mc_w.l(handlers.o)
    0x0000095c   0x0000000e   Code   RO         1118    i.__scatterload_zeroinit  mc_w.l(handlers.o)
    0x0000096a   0x00000002   PAD
    0x0000096c   0x000002c0   Code   RO          954    i._printf_core      mc_w.l(printf5.o)
    0x00000c2c   0x0000000c   Code   RO          443    i.fputc             retarget.o
    0x00000c38   0x00000188   Code   RO          712    i.main              main.o
    0x00000dc0   0x00000060   Code   RO          781    i.process           process.o
    0x00000e20   0x000000a8   Code   RO          445    i.stackDump         retarget.o
    0x00000ec8   0x00000030   Data   RO          630    .constdata          uart.o
    0x00000ef8   0x000000e4   Data   RO          713    .constdata          main.o
    0x00000fdc   0x00000020   Data   RO         1114    Region$$Table       anon$$obj.o


    Execution Region ER_RW (Base: 0x20000000, Size: 0x00000044, Max: 0xffffffff, ABSOLUTE)

    Base Addr    Size         Type   Attr      Idx    E Section Name        Object

    0x20000000   0x00000028   Data   RW            5    .data               system_nuc472_442.o
    0x20000028   0x00000001   Data   RW          447    .data               retarget.o
    0x20000029   0x00000003   PAD
    0x2000002c   0x00000004   Data   RW          448    .data               retarget.o
    0x20000030   0x00000008   Data   RW          761    .data               nuc472_442_isr.o
    0x20000038   0x0000000c   Data   RW          783    .data               process.o


    Execution Region ER_ZI (Base: 0x20000044, Size: 0x00006294, Max: 0xffffffff, ABSOLUTE)

    Base Addr    Size         Type   Attr      Idx    E Section Name        Object

    0x20000044   0x00000010   Zero   RW          446    .bss                retarget.o
    0x20000054   0x00005280   Zero   RW          782    .bss                process.o
    0x200052d4   0x00000004   PAD
    0x200052d8   0x00001000   Zero   RW          149    STACK               startup_nuc472_442.o


==============================================================================

Image component sizes


      Code (inc. data)   RO Data    RW Data    ZI Data      Debug   Object Name

       294         36          0          0          0       3598   clk.o
        44          0          0          0          0        831   gpio.o
       312         36          0          0          0     302400   i2s.o
       564         46        228          0          0      30529   main.o
       128         20          0          8          0       1030   nuc472_442_isr.o
        96         10          0         12      21120       1193   process.o
       374        134          0          5         16       4473   retarget.o
       104         26        632          0       4096        872   startup_nuc472_442.o
        48          4          0          0          0        914   sys.o
        88         12          0         40          0     305706   system_nuc472_442.o
       112          8         48          0          0        964   uart.o

    ----------------------------------------------------------------------
      2166        332        940         68      25236     652510   Object Totals
         0          0         32          0          0          0   (incl. Generated)
         2          0          0          3          4          0   (incl. Padding)

    ----------------------------------------------------------------------

      Code (inc. data)   RO Data    RW Data    ZI Data      Debug   Library Member Name

         0          0          0          0          0          0   entry.o
         0          0          0          0          0          0   entry10a.o
         0          0          0          0          0          0   entry11a.o
         8          4          0          0          0          0   entry2.o
         4          0          0          0          0          0   entry5.o
         0          0          0          0          0          0   entry7b.o
         0          0          0          0          0          0   entry8b.o
         8          4          0          0          0          0   entry9a.o
        30          0          0          0          0          0   handlers.o
        36          8          0          0          0         68   init.o
        30          0          0          0          0         68   llshl.o
        32          0          0          0          0         68   llushr.o
       736         56          0          0          0        184   printf5.o
        98          0          0          0          0         92   uldiv.o

    ----------------------------------------------------------------------
       986         72          0          0          0        480   Library Totals
         4          0          0          0          0          0   (incl. Padding)

    ----------------------------------------------------------------------

      Code (inc. data)   RO Data    RW Data    ZI Data      Debug   Library Name

       982         72          0          0          0        480   mc_w.l

    ----------------------------------------------------------------------
       986         72          0          0          0        480   Library Totals

    ----------------------------------------------------------------------

==============================================================================


      Code (inc. data)   RO Data    RW Data    ZI Data      Debug   

      3152        404        940         68      25236     650834   Grand Totals
      3152        404        940         68      25236     650834   ELF Image Totals
      3152        404        940         68          0          0   ROM Totals

==============================================================================

    Total RO  Size (Code + RO Data)                 4092 (   4.00kB)
    Total RW  Size (RW Data + ZI Data)             25304 (  24.71kB)
    Total ROM Size (Code + RO Data + RW Data)       4160 (   4.06kB)

==============================================================================

