<html>
<body>
<pre>
<h1>µVision Build Log</h1>
<h2>Project:</h2>
F:\winubu32share\uDragon\Dragon\Project\Dragon.uvproj
Project File Date:  01/13/2017

<h2>Output:</h2>
Rebuild target 'Dragon'
Clean started - Project: 'Dragon'
   deleting intermediate output files for target 'Dragon'
compiling system_NUC472_442.c...
assembling startup_NUC472_442.s...
compiling clk.c...
compiling gpio.c...
compiling i2s.c...
compiling retarget.c...
compiling sys.c...
compiling uart.c...
compiling main.c...
compiling nuc472_442_isr.c...
compiling process.c...
linking...
Program Size: Code=3152 RO-data=940 RW-data=68 ZI-data=25236  
"..\Output\Dragon.axf" - 0 Error(s), 0 Warning(s).

*** Performing Cross-Module-Optimization:
compiling system_NUC472_442.c...
compiling clk.c...
compiling gpio.c...
compiling i2s.c...
compiling retarget.c...
compiling sys.c...
compiling uart.c...
compiling main.c...
compiling nuc472_442_isr.c...
compiling process.c...
linking...
Program Size: Code=3152 RO-data=940 RW-data=68 ZI-data=25236  
"..\Output\Dragon.axf" - 0 Error(s), 0 Warning(s).
*** Completed Cross-Module-Optimization after 2 iteration(s).
 Warning: L6340W: options first and last are ignored for link type of scattered
Program Size: Code=3152 RO-data=940 RW-data=68 ZI-data=25236  
Finished: 0 information, 1 warning and 0 error messages.
"..\Output\Dragon.axf" - 0 Error(s), 1 Warning(s).
*** Completed Cross-Module-Optimization after 2 iteration(s).
