<!doctype html public "-//w3c//dtd html 4.0 transitional//en">
<html><head>
<title>Static Call Graph - [..\Output\Dragon.axf]</title></head>
<body><HR>
<H1>Static Call Graph for image ..\Output\Dragon.axf</H1><HR>
<BR><P>#&#060CALLGRAPH&#062# ARM Linker, 5.03 [Build 76]: Last Updated: Fri Jan 13 17:28:44 2017
<BR><P>
<H3>Maximum Stack Usage =         48 bytes + Unknown(Cycles, Untraceable Function Pointers)</H3><H3>
Call chain for Maximum Stack Depth:</H3>
main &rArr; SYS_Init &rArr; CLK_SetModuleClock
<P>
<H3>
Mutually Recursive functions
</H3> <LI><a href="#[1]">NMI_Handler</a>&nbsp;&nbsp;&nbsp;&rArr;&nbsp;&nbsp;&nbsp;<a href="#[1]">NMI_Handler</a><BR>
 <LI><a href="#[3]">MemManage_Handler</a>&nbsp;&nbsp;&nbsp;&rArr;&nbsp;&nbsp;&nbsp;<a href="#[3]">MemManage_Handler</a><BR>
 <LI><a href="#[4]">BusFault_Handler</a>&nbsp;&nbsp;&nbsp;&rArr;&nbsp;&nbsp;&nbsp;<a href="#[4]">BusFault_Handler</a><BR>
 <LI><a href="#[5]">UsageFault_Handler</a>&nbsp;&nbsp;&nbsp;&rArr;&nbsp;&nbsp;&nbsp;<a href="#[5]">UsageFault_Handler</a><BR>
 <LI><a href="#[6]">SVC_Handler</a>&nbsp;&nbsp;&nbsp;&rArr;&nbsp;&nbsp;&nbsp;<a href="#[6]">SVC_Handler</a><BR>
 <LI><a href="#[7]">DebugMon_Handler</a>&nbsp;&nbsp;&nbsp;&rArr;&nbsp;&nbsp;&nbsp;<a href="#[7]">DebugMon_Handler</a><BR>
 <LI><a href="#[8]">PendSV_Handler</a>&nbsp;&nbsp;&nbsp;&rArr;&nbsp;&nbsp;&nbsp;<a href="#[8]">PendSV_Handler</a><BR>
 <LI><a href="#[9]">SysTick_Handler</a>&nbsp;&nbsp;&nbsp;&rArr;&nbsp;&nbsp;&nbsp;<a href="#[9]">SysTick_Handler</a><BR>
 <LI><a href="#[f]">Default_Handler</a>&nbsp;&nbsp;&nbsp;&rArr;&nbsp;&nbsp;&nbsp;<a href="#[f]">Default_Handler</a><BR>
</UL>
<P>
<H3>
Function Pointers
</H3><UL>
 <LI><a href="#[2f]">ACMP_IRQHandler</a> from startup_nuc472_442.o(.text) referenced from startup_nuc472_442.o(RESET)
 <LI><a href="#[28]">ADC_IRQHandler</a> from startup_nuc472_442.o(.text) referenced from startup_nuc472_442.o(RESET)
 <LI><a href="#[a]">BOD_IRQHandler</a> from startup_nuc472_442.o(.text) referenced from startup_nuc472_442.o(RESET)
 <LI><a href="#[4]">BusFault_Handler</a> from startup_nuc472_442.o(.text) referenced from startup_nuc472_442.o(RESET)
 <LI><a href="#[62]">CAN0_IRQHandler</a> from startup_nuc472_442.o(.text) referenced from startup_nuc472_442.o(RESET)
 <LI><a href="#[63]">CAN1_IRQHandler</a> from startup_nuc472_442.o(.text) referenced from startup_nuc472_442.o(RESET)
 <LI><a href="#[68]">CAP_IRQHandler</a> from startup_nuc472_442.o(.text) referenced from startup_nuc472_442.o(RESET)
 <LI><a href="#[e]">CLKF_IRQHandler</a> from startup_nuc472_442.o(.text) referenced from startup_nuc472_442.o(RESET)
 <LI><a href="#[6a]">CRC_IRQHandler</a> from startup_nuc472_442.o(.text) referenced from startup_nuc472_442.o(RESET)
 <LI><a href="#[69]">CRYPTO_IRQHandler</a> from startup_nuc472_442.o(.text) referenced from startup_nuc472_442.o(RESET)
 <LI><a href="#[7]">DebugMon_Handler</a> from startup_nuc472_442.o(.text) referenced from startup_nuc472_442.o(RESET)
 <LI><a href="#[f]">Default_Handler</a> from startup_nuc472_442.o(.text) referenced 46 times from startup_nuc472_442.o(RESET)
 <LI><a href="#[2b]">EADC0_IRQHandler</a> from startup_nuc472_442.o(.text) referenced from startup_nuc472_442.o(RESET)
 <LI><a href="#[2c]">EADC1_IRQHandler</a> from startup_nuc472_442.o(.text) referenced from startup_nuc472_442.o(RESET)
 <LI><a href="#[2d]">EADC2_IRQHandler</a> from startup_nuc472_442.o(.text) referenced from startup_nuc472_442.o(RESET)
 <LI><a href="#[2e]">EADC3_IRQHandler</a> from startup_nuc472_442.o(.text) referenced from startup_nuc472_442.o(RESET)
 <LI><a href="#[12]">EINT0_IRQHandler</a> from startup_nuc472_442.o(.text) referenced from startup_nuc472_442.o(RESET)
 <LI><a href="#[13]">EINT1_IRQHandler</a> from startup_nuc472_442.o(.text) referenced from startup_nuc472_442.o(RESET)
 <LI><a href="#[14]">EINT2_IRQHandler</a> from startup_nuc472_442.o(.text) referenced from startup_nuc472_442.o(RESET)
 <LI><a href="#[15]">EINT3_IRQHandler</a> from startup_nuc472_442.o(.text) referenced from startup_nuc472_442.o(RESET)
 <LI><a href="#[16]">EINT4_IRQHandler</a> from startup_nuc472_442.o(.text) referenced from startup_nuc472_442.o(RESET)
 <LI><a href="#[17]">EINT5_IRQHandler</a> from startup_nuc472_442.o(.text) referenced from startup_nuc472_442.o(RESET)
 <LI><a href="#[18]">EINT6_IRQHandler</a> from startup_nuc472_442.o(.text) referenced from startup_nuc472_442.o(RESET)
 <LI><a href="#[19]">EINT7_IRQHandler</a> from startup_nuc472_442.o(.text) referenced from startup_nuc472_442.o(RESET)
 <LI><a href="#[4c]">EMAC_RX_IRQHandler</a> from startup_nuc472_442.o(.text) referenced from startup_nuc472_442.o(RESET)
 <LI><a href="#[4b]">EMAC_TX_IRQHandler</a> from startup_nuc472_442.o(.text) referenced from startup_nuc472_442.o(RESET)
 <LI><a href="#[45]">EPWM0BRK_IRQHandler</a> from startup_nuc472_442.o(.text) referenced from startup_nuc472_442.o(RESET)
 <LI><a href="#[44]">EPWM0_IRQHandler</a> from startup_nuc472_442.o(.text) referenced from startup_nuc472_442.o(RESET)
 <LI><a href="#[47]">EPWM1BRK_IRQHandler</a> from startup_nuc472_442.o(.text) referenced from startup_nuc472_442.o(RESET)
 <LI><a href="#[46]">EPWM1_IRQHandler</a> from startup_nuc472_442.o(.text) referenced from startup_nuc472_442.o(RESET)
 <LI><a href="#[1a]">GPA_IRQHandler</a> from startup_nuc472_442.o(.text) referenced from startup_nuc472_442.o(RESET)
 <LI><a href="#[1b]">GPB_IRQHandler</a> from startup_nuc472_442.o(.text) referenced from startup_nuc472_442.o(RESET)
 <LI><a href="#[1c]">GPC_IRQHandler</a> from startup_nuc472_442.o(.text) referenced from startup_nuc472_442.o(RESET)
 <LI><a href="#[1d]">GPD_IRQHandler</a> from startup_nuc472_442.o(.text) referenced from startup_nuc472_442.o(RESET)
 <LI><a href="#[1e]">GPE_IRQHandler</a> from startup_nuc472_442.o(.text) referenced from startup_nuc472_442.o(RESET)
 <LI><a href="#[1f]">GPF_IRQHandler</a> from startup_nuc472_442.o(.text) referenced from startup_nuc472_442.o(RESET)
 <LI><a href="#[20]">GPG_IRQHandler</a> from startup_nuc472_442.o(.text) referenced from startup_nuc472_442.o(RESET)
 <LI><a href="#[21]">GPH_IRQHandler</a> from startup_nuc472_442.o(.text) referenced from startup_nuc472_442.o(RESET)
 <LI><a href="#[22]">GPI_IRQHandler</a> from startup_nuc472_442.o(.text) referenced from startup_nuc472_442.o(RESET)
 <LI><a href="#[2]">HardFault_Handler</a> from retarget.o(.emb_text) referenced from startup_nuc472_442.o(RESET)
 <LI><a href="#[6c]">Hard_Fault_Handler</a> from retarget.o(i.Hard_Fault_Handler) referenced from retarget.o(.emb_text)
 <LI><a href="#[57]">I2C0_IRQHandler</a> from startup_nuc472_442.o(.text) referenced from startup_nuc472_442.o(RESET)
 <LI><a href="#[58]">I2C1_IRQHandler</a> from startup_nuc472_442.o(.text) referenced from startup_nuc472_442.o(RESET)
 <LI><a href="#[59]">I2C2_IRQHandler</a> from startup_nuc472_442.o(.text) referenced from startup_nuc472_442.o(RESET)
 <LI><a href="#[5a]">I2C3_IRQHandler</a> from startup_nuc472_442.o(.text) referenced from startup_nuc472_442.o(RESET)
 <LI><a href="#[5b]">I2C4_IRQHandler</a> from startup_nuc472_442.o(.text) referenced from startup_nuc472_442.o(RESET)
 <LI><a href="#[64]">I2S0_IRQHandler</a> from startup_nuc472_442.o(.text) referenced from startup_nuc472_442.o(RESET)
 <LI><a href="#[65]">I2S1_IRQHandler</a> from nuc472_442_isr.o(i.I2S1_IRQHandler) referenced from startup_nuc472_442.o(RESET)
 <LI><a href="#[32]">ICAP0_IRQHandler</a> from startup_nuc472_442.o(.text) referenced from startup_nuc472_442.o(RESET)
 <LI><a href="#[33]">ICAP1_IRQHandler</a> from startup_nuc472_442.o(.text) referenced from startup_nuc472_442.o(RESET)
 <LI><a href="#[b]">IRC_IRQHandler</a> from startup_nuc472_442.o(.text) referenced from startup_nuc472_442.o(RESET)
 <LI><a href="#[3]">MemManage_Handler</a> from startup_nuc472_442.o(.text) referenced from startup_nuc472_442.o(RESET)
 <LI><a href="#[1]">NMI_Handler</a> from startup_nuc472_442.o(.text) referenced from startup_nuc472_442.o(RESET)
 <LI><a href="#[30]">OPA0_IRQHandler</a> from startup_nuc472_442.o(.text) referenced from startup_nuc472_442.o(RESET)
 <LI><a href="#[31]">OPA1_IRQHandler</a> from startup_nuc472_442.o(.text) referenced from startup_nuc472_442.o(RESET)
 <LI><a href="#[27]">PDMA_IRQHandler</a> from startup_nuc472_442.o(.text) referenced from startup_nuc472_442.o(RESET)
 <LI><a href="#[67]">PS2D_IRQHandler</a> from startup_nuc472_442.o(.text) referenced from startup_nuc472_442.o(RESET)
 <LI><a href="#[34]">PWM0CH0_IRQHandler</a> from startup_nuc472_442.o(.text) referenced from startup_nuc472_442.o(RESET)
 <LI><a href="#[35]">PWM0CH1_IRQHandler</a> from startup_nuc472_442.o(.text) referenced from startup_nuc472_442.o(RESET)
 <LI><a href="#[36]">PWM0CH2_IRQHandler</a> from startup_nuc472_442.o(.text) referenced from startup_nuc472_442.o(RESET)
 <LI><a href="#[37]">PWM0CH3_IRQHandler</a> from startup_nuc472_442.o(.text) referenced from startup_nuc472_442.o(RESET)
 <LI><a href="#[38]">PWM0CH4_IRQHandler</a> from startup_nuc472_442.o(.text) referenced from startup_nuc472_442.o(RESET)
 <LI><a href="#[39]">PWM0CH5_IRQHandler</a> from startup_nuc472_442.o(.text) referenced from startup_nuc472_442.o(RESET)
 <LI><a href="#[3a]">PWM0_BRK_IRQHandler</a> from startup_nuc472_442.o(.text) referenced from startup_nuc472_442.o(RESET)
 <LI><a href="#[3c]">PWM1CH0_IRQHandler</a> from startup_nuc472_442.o(.text) referenced from startup_nuc472_442.o(RESET)
 <LI><a href="#[3d]">PWM1CH1_IRQHandler</a> from startup_nuc472_442.o(.text) referenced from startup_nuc472_442.o(RESET)
 <LI><a href="#[3e]">PWM1CH2_IRQHandler</a> from startup_nuc472_442.o(.text) referenced from startup_nuc472_442.o(RESET)
 <LI><a href="#[3f]">PWM1CH3_IRQHandler</a> from startup_nuc472_442.o(.text) referenced from startup_nuc472_442.o(RESET)
 <LI><a href="#[40]">PWM1CH4_IRQHandler</a> from startup_nuc472_442.o(.text) referenced from startup_nuc472_442.o(RESET)
 <LI><a href="#[41]">PWM1CH5_IRQHandler</a> from startup_nuc472_442.o(.text) referenced from startup_nuc472_442.o(RESET)
 <LI><a href="#[42]">PWM1_BRK_IRQHandler</a> from startup_nuc472_442.o(.text) referenced from startup_nuc472_442.o(RESET)
 <LI><a href="#[c]">PWRWU_IRQHandler</a> from startup_nuc472_442.o(.text) referenced from startup_nuc472_442.o(RESET)
 <LI><a href="#[8]">PendSV_Handler</a> from startup_nuc472_442.o(.text) referenced from startup_nuc472_442.o(RESET)
 <LI><a href="#[3b]">QEI0_IRQHandler</a> from startup_nuc472_442.o(.text) referenced from startup_nuc472_442.o(RESET)
 <LI><a href="#[43]">QEI1_IRQHandler</a> from startup_nuc472_442.o(.text) referenced from startup_nuc472_442.o(RESET)
 <LI><a href="#[10]">RTC_IRQHandler</a> from startup_nuc472_442.o(.text) referenced from startup_nuc472_442.o(RESET)
 <LI><a href="#[70]">Reset_Handler</a> from startup_nuc472_442.o(.text) referenced from startup_nuc472_442.o(RESET)
 <LI><a href="#[5c]">SC0_IRQHandler</a> from startup_nuc472_442.o(.text) referenced from startup_nuc472_442.o(RESET)
 <LI><a href="#[5d]">SC1_IRQHandler</a> from startup_nuc472_442.o(.text) referenced from startup_nuc472_442.o(RESET)
 <LI><a href="#[5e]">SC2_IRQHandler</a> from startup_nuc472_442.o(.text) referenced from startup_nuc472_442.o(RESET)
 <LI><a href="#[5f]">SC3_IRQHandler</a> from startup_nuc472_442.o(.text) referenced from startup_nuc472_442.o(RESET)
 <LI><a href="#[60]">SC4_IRQHandler</a> from startup_nuc472_442.o(.text) referenced from startup_nuc472_442.o(RESET)
 <LI><a href="#[61]">SC5_IRQHandler</a> from startup_nuc472_442.o(.text) referenced from startup_nuc472_442.o(RESET)
 <LI><a href="#[66]">SD_IRQHandler</a> from startup_nuc472_442.o(.text) referenced from startup_nuc472_442.o(RESET)
 <LI><a href="#[4d]">SPI0_IRQHandler</a> from startup_nuc472_442.o(.text) referenced from startup_nuc472_442.o(RESET)
 <LI><a href="#[4e]">SPI1_IRQHandler</a> from startup_nuc472_442.o(.text) referenced from startup_nuc472_442.o(RESET)
 <LI><a href="#[4f]">SPI2_IRQHandler</a> from startup_nuc472_442.o(.text) referenced from startup_nuc472_442.o(RESET)
 <LI><a href="#[50]">SPI3_IRQHandler</a> from startup_nuc472_442.o(.text) referenced from startup_nuc472_442.o(RESET)
 <LI><a href="#[d]">SRAMF_IRQHandler</a> from startup_nuc472_442.o(.text) referenced from startup_nuc472_442.o(RESET)
 <LI><a href="#[6]">SVC_Handler</a> from startup_nuc472_442.o(.text) referenced from startup_nuc472_442.o(RESET)
 <LI><a href="#[9]">SysTick_Handler</a> from startup_nuc472_442.o(.text) referenced from startup_nuc472_442.o(RESET)
 <LI><a href="#[6d]">SystemInit</a> from system_nuc472_442.o(i.SystemInit) referenced from startup_nuc472_442.o(.text)
 <LI><a href="#[11]">TAMPER_IRQHandler</a> from startup_nuc472_442.o(.text) referenced from startup_nuc472_442.o(RESET)
 <LI><a href="#[23]">TMR0_IRQHandler</a> from startup_nuc472_442.o(.text) referenced from startup_nuc472_442.o(RESET)
 <LI><a href="#[24]">TMR1_IRQHandler</a> from startup_nuc472_442.o(.text) referenced from startup_nuc472_442.o(RESET)
 <LI><a href="#[25]">TMR2_IRQHandler</a> from startup_nuc472_442.o(.text) referenced from startup_nuc472_442.o(RESET)
 <LI><a href="#[26]">TMR3_IRQHandler</a> from startup_nuc472_442.o(.text) referenced from startup_nuc472_442.o(RESET)
 <LI><a href="#[51]">UART0_IRQHandler</a> from startup_nuc472_442.o(.text) referenced from startup_nuc472_442.o(RESET)
 <LI><a href="#[52]">UART1_IRQHandler</a> from startup_nuc472_442.o(.text) referenced from startup_nuc472_442.o(RESET)
 <LI><a href="#[53]">UART2_IRQHandler</a> from startup_nuc472_442.o(.text) referenced from startup_nuc472_442.o(RESET)
 <LI><a href="#[54]">UART3_IRQHandler</a> from startup_nuc472_442.o(.text) referenced from startup_nuc472_442.o(RESET)
 <LI><a href="#[55]">UART4_IRQHandler</a> from startup_nuc472_442.o(.text) referenced from startup_nuc472_442.o(RESET)
 <LI><a href="#[56]">UART5_IRQHandler</a> from startup_nuc472_442.o(.text) referenced from startup_nuc472_442.o(RESET)
 <LI><a href="#[48]">USBD_IRQHandler</a> from startup_nuc472_442.o(.text) referenced from startup_nuc472_442.o(RESET)
 <LI><a href="#[49]">USBH_IRQHandler</a> from startup_nuc472_442.o(.text) referenced from startup_nuc472_442.o(RESET)
 <LI><a href="#[4a]">USB_OTG_IRQHandler</a> from startup_nuc472_442.o(.text) referenced from startup_nuc472_442.o(RESET)
 <LI><a href="#[5]">UsageFault_Handler</a> from startup_nuc472_442.o(.text) referenced from startup_nuc472_442.o(RESET)
 <LI><a href="#[29]">WDT_IRQHandler</a> from startup_nuc472_442.o(.text) referenced from startup_nuc472_442.o(RESET)
 <LI><a href="#[2a]">WWDT_IRQHandler</a> from startup_nuc472_442.o(.text) referenced from startup_nuc472_442.o(RESET)
 <LI><a href="#[6e]">__main</a> from entry.o(.ARM.Collect$$$$00000000) referenced from startup_nuc472_442.o(.text)
 <LI><a href="#[6f]">fputc</a> from retarget.o(i.fputc) referenced from printf5.o(i.__0printf$5)
 <LI><a href="#[6b]">main</a> from main.o(i.main) referenced from entry9a.o(.ARM.Collect$$$$0000000B)
</UL>
<P>
<H3>
Global Symbols
</H3>
<P><STRONG><a name="[6e]"></a>__main</STRONG> (Thumb, 0 bytes, Stack size unknown bytes, entry.o(.ARM.Collect$$$$00000000))
<BR>[Address Reference Count : 1]<UL><LI> startup_nuc472_442.o(.text)
</UL>
<P><STRONG><a name="[8e]"></a>_main_stk</STRONG> (Thumb, 0 bytes, Stack size unknown bytes, entry2.o(.ARM.Collect$$$$00000001))

<P><STRONG><a name="[71]"></a>_main_scatterload</STRONG> (Thumb, 0 bytes, Stack size unknown bytes, entry5.o(.ARM.Collect$$$$00000004))
<BR><BR>[Calls]<UL><LI><a href="#[72]">&gt;&gt;</a>&nbsp;&nbsp;&nbsp;__scatterload
</UL>

<P><STRONG><a name="[76]"></a>__main_after_scatterload</STRONG> (Thumb, 0 bytes, Stack size unknown bytes, entry5.o(.ARM.Collect$$$$00000004))
<BR><BR>[Called By]<UL><LI><a href="#[72]">&gt;&gt;</a>&nbsp;&nbsp;&nbsp;__scatterload
</UL>

<P><STRONG><a name="[8f]"></a>_main_clock</STRONG> (Thumb, 0 bytes, Stack size unknown bytes, entry7b.o(.ARM.Collect$$$$00000008))

<P><STRONG><a name="[90]"></a>_main_cpp_init</STRONG> (Thumb, 0 bytes, Stack size unknown bytes, entry8b.o(.ARM.Collect$$$$0000000A))

<P><STRONG><a name="[91]"></a>_main_init</STRONG> (Thumb, 0 bytes, Stack size unknown bytes, entry9a.o(.ARM.Collect$$$$0000000B))

<P><STRONG><a name="[92]"></a>__rt_final_cpp</STRONG> (Thumb, 0 bytes, Stack size unknown bytes, entry10a.o(.ARM.Collect$$$$0000000D))

<P><STRONG><a name="[93]"></a>__rt_final_exit</STRONG> (Thumb, 0 bytes, Stack size unknown bytes, entry11a.o(.ARM.Collect$$$$0000000F))

<P><STRONG><a name="[2]"></a>HardFault_Handler</STRONG> (Thumb, 60 bytes, Stack size 0 bytes, retarget.o(.emb_text))
<BR>[Address Reference Count : 1]<UL><LI> startup_nuc472_442.o(RESET)
</UL>
<P><STRONG><a name="[87]"></a>SH_DoCommand</STRONG> (Thumb, 18 bytes, Stack size 0 bytes, retarget.o(.emb_text))
<BR><BR>[Called By]<UL><LI><a href="#[86]">&gt;&gt;</a>&nbsp;&nbsp;&nbsp;SendChar
</UL>

<P><STRONG><a name="[70]"></a>Reset_Handler</STRONG> (Thumb, 58 bytes, Stack size 0 bytes, startup_nuc472_442.o(.text))

<P><STRONG><a name="[1]"></a>NMI_Handler</STRONG> (Thumb, 2 bytes, Stack size 0 bytes, startup_nuc472_442.o(.text))
<BR><BR>[Calls]<UL><LI><a href="#[1]">&gt;&gt;</a>&nbsp;&nbsp;&nbsp;NMI_Handler
</UL>
<BR>[Called By]<UL><LI><a href="#[1]">&gt;&gt;</a>&nbsp;&nbsp;&nbsp;NMI_Handler
</UL>
<BR>[Address Reference Count : 1]<UL><LI> startup_nuc472_442.o(RESET)
</UL>
<P><STRONG><a name="[3]"></a>MemManage_Handler</STRONG> (Thumb, 2 bytes, Stack size 0 bytes, startup_nuc472_442.o(.text))
<BR><BR>[Calls]<UL><LI><a href="#[3]">&gt;&gt;</a>&nbsp;&nbsp;&nbsp;MemManage_Handler
</UL>
<BR>[Called By]<UL><LI><a href="#[3]">&gt;&gt;</a>&nbsp;&nbsp;&nbsp;MemManage_Handler
</UL>
<BR>[Address Reference Count : 1]<UL><LI> startup_nuc472_442.o(RESET)
</UL>
<P><STRONG><a name="[4]"></a>BusFault_Handler</STRONG> (Thumb, 2 bytes, Stack size 0 bytes, startup_nuc472_442.o(.text))
<BR><BR>[Calls]<UL><LI><a href="#[4]">&gt;&gt;</a>&nbsp;&nbsp;&nbsp;BusFault_Handler
</UL>
<BR>[Called By]<UL><LI><a href="#[4]">&gt;&gt;</a>&nbsp;&nbsp;&nbsp;BusFault_Handler
</UL>
<BR>[Address Reference Count : 1]<UL><LI> startup_nuc472_442.o(RESET)
</UL>
<P><STRONG><a name="[5]"></a>UsageFault_Handler</STRONG> (Thumb, 2 bytes, Stack size 0 bytes, startup_nuc472_442.o(.text))
<BR><BR>[Calls]<UL><LI><a href="#[5]">&gt;&gt;</a>&nbsp;&nbsp;&nbsp;UsageFault_Handler
</UL>
<BR>[Called By]<UL><LI><a href="#[5]">&gt;&gt;</a>&nbsp;&nbsp;&nbsp;UsageFault_Handler
</UL>
<BR>[Address Reference Count : 1]<UL><LI> startup_nuc472_442.o(RESET)
</UL>
<P><STRONG><a name="[6]"></a>SVC_Handler</STRONG> (Thumb, 2 bytes, Stack size 0 bytes, startup_nuc472_442.o(.text))
<BR><BR>[Calls]<UL><LI><a href="#[6]">&gt;&gt;</a>&nbsp;&nbsp;&nbsp;SVC_Handler
</UL>
<BR>[Called By]<UL><LI><a href="#[6]">&gt;&gt;</a>&nbsp;&nbsp;&nbsp;SVC_Handler
</UL>
<BR>[Address Reference Count : 1]<UL><LI> startup_nuc472_442.o(RESET)
</UL>
<P><STRONG><a name="[7]"></a>DebugMon_Handler</STRONG> (Thumb, 2 bytes, Stack size 0 bytes, startup_nuc472_442.o(.text))
<BR><BR>[Calls]<UL><LI><a href="#[7]">&gt;&gt;</a>&nbsp;&nbsp;&nbsp;DebugMon_Handler
</UL>
<BR>[Called By]<UL><LI><a href="#[7]">&gt;&gt;</a>&nbsp;&nbsp;&nbsp;DebugMon_Handler
</UL>
<BR>[Address Reference Count : 1]<UL><LI> startup_nuc472_442.o(RESET)
</UL>
<P><STRONG><a name="[8]"></a>PendSV_Handler</STRONG> (Thumb, 2 bytes, Stack size 0 bytes, startup_nuc472_442.o(.text))
<BR><BR>[Calls]<UL><LI><a href="#[8]">&gt;&gt;</a>&nbsp;&nbsp;&nbsp;PendSV_Handler
</UL>
<BR>[Called By]<UL><LI><a href="#[8]">&gt;&gt;</a>&nbsp;&nbsp;&nbsp;PendSV_Handler
</UL>
<BR>[Address Reference Count : 1]<UL><LI> startup_nuc472_442.o(RESET)
</UL>
<P><STRONG><a name="[9]"></a>SysTick_Handler</STRONG> (Thumb, 2 bytes, Stack size 0 bytes, startup_nuc472_442.o(.text))
<BR><BR>[Calls]<UL><LI><a href="#[9]">&gt;&gt;</a>&nbsp;&nbsp;&nbsp;SysTick_Handler
</UL>
<BR>[Called By]<UL><LI><a href="#[9]">&gt;&gt;</a>&nbsp;&nbsp;&nbsp;SysTick_Handler
</UL>
<BR>[Address Reference Count : 1]<UL><LI> startup_nuc472_442.o(RESET)
</UL>
<P><STRONG><a name="[2f]"></a>ACMP_IRQHandler</STRONG> (Thumb, 0 bytes, Stack size 0 bytes, startup_nuc472_442.o(.text))
<BR>[Address Reference Count : 1]<UL><LI> startup_nuc472_442.o(RESET)
</UL>
<P><STRONG><a name="[28]"></a>ADC_IRQHandler</STRONG> (Thumb, 0 bytes, Stack size 0 bytes, startup_nuc472_442.o(.text))
<BR>[Address Reference Count : 1]<UL><LI> startup_nuc472_442.o(RESET)
</UL>
<P><STRONG><a name="[a]"></a>BOD_IRQHandler</STRONG> (Thumb, 0 bytes, Stack size 0 bytes, startup_nuc472_442.o(.text))
<BR>[Address Reference Count : 1]<UL><LI> startup_nuc472_442.o(RESET)
</UL>
<P><STRONG><a name="[62]"></a>CAN0_IRQHandler</STRONG> (Thumb, 0 bytes, Stack size 0 bytes, startup_nuc472_442.o(.text))
<BR>[Address Reference Count : 1]<UL><LI> startup_nuc472_442.o(RESET)
</UL>
<P><STRONG><a name="[63]"></a>CAN1_IRQHandler</STRONG> (Thumb, 0 bytes, Stack size 0 bytes, startup_nuc472_442.o(.text))
<BR>[Address Reference Count : 1]<UL><LI> startup_nuc472_442.o(RESET)
</UL>
<P><STRONG><a name="[68]"></a>CAP_IRQHandler</STRONG> (Thumb, 0 bytes, Stack size 0 bytes, startup_nuc472_442.o(.text))
<BR>[Address Reference Count : 1]<UL><LI> startup_nuc472_442.o(RESET)
</UL>
<P><STRONG><a name="[e]"></a>CLKF_IRQHandler</STRONG> (Thumb, 0 bytes, Stack size 0 bytes, startup_nuc472_442.o(.text))
<BR>[Address Reference Count : 1]<UL><LI> startup_nuc472_442.o(RESET)
</UL>
<P><STRONG><a name="[6a]"></a>CRC_IRQHandler</STRONG> (Thumb, 0 bytes, Stack size 0 bytes, startup_nuc472_442.o(.text))
<BR>[Address Reference Count : 1]<UL><LI> startup_nuc472_442.o(RESET)
</UL>
<P><STRONG><a name="[69]"></a>CRYPTO_IRQHandler</STRONG> (Thumb, 0 bytes, Stack size 0 bytes, startup_nuc472_442.o(.text))
<BR>[Address Reference Count : 1]<UL><LI> startup_nuc472_442.o(RESET)
</UL>
<P><STRONG><a name="[2b]"></a>EADC0_IRQHandler</STRONG> (Thumb, 0 bytes, Stack size 0 bytes, startup_nuc472_442.o(.text))
<BR>[Address Reference Count : 1]<UL><LI> startup_nuc472_442.o(RESET)
</UL>
<P><STRONG><a name="[2c]"></a>EADC1_IRQHandler</STRONG> (Thumb, 0 bytes, Stack size 0 bytes, startup_nuc472_442.o(.text))
<BR>[Address Reference Count : 1]<UL><LI> startup_nuc472_442.o(RESET)
</UL>
<P><STRONG><a name="[2d]"></a>EADC2_IRQHandler</STRONG> (Thumb, 0 bytes, Stack size 0 bytes, startup_nuc472_442.o(.text))
<BR>[Address Reference Count : 1]<UL><LI> startup_nuc472_442.o(RESET)
</UL>
<P><STRONG><a name="[2e]"></a>EADC3_IRQHandler</STRONG> (Thumb, 0 bytes, Stack size 0 bytes, startup_nuc472_442.o(.text))
<BR>[Address Reference Count : 1]<UL><LI> startup_nuc472_442.o(RESET)
</UL>
<P><STRONG><a name="[12]"></a>EINT0_IRQHandler</STRONG> (Thumb, 0 bytes, Stack size 0 bytes, startup_nuc472_442.o(.text))
<BR>[Address Reference Count : 1]<UL><LI> startup_nuc472_442.o(RESET)
</UL>
<P><STRONG><a name="[13]"></a>EINT1_IRQHandler</STRONG> (Thumb, 0 bytes, Stack size 0 bytes, startup_nuc472_442.o(.text))
<BR>[Address Reference Count : 1]<UL><LI> startup_nuc472_442.o(RESET)
</UL>
<P><STRONG><a name="[14]"></a>EINT2_IRQHandler</STRONG> (Thumb, 0 bytes, Stack size 0 bytes, startup_nuc472_442.o(.text))
<BR>[Address Reference Count : 1]<UL><LI> startup_nuc472_442.o(RESET)
</UL>
<P><STRONG><a name="[15]"></a>EINT3_IRQHandler</STRONG> (Thumb, 0 bytes, Stack size 0 bytes, startup_nuc472_442.o(.text))
<BR>[Address Reference Count : 1]<UL><LI> startup_nuc472_442.o(RESET)
</UL>
<P><STRONG><a name="[16]"></a>EINT4_IRQHandler</STRONG> (Thumb, 0 bytes, Stack size 0 bytes, startup_nuc472_442.o(.text))
<BR>[Address Reference Count : 1]<UL><LI> startup_nuc472_442.o(RESET)
</UL>
<P><STRONG><a name="[17]"></a>EINT5_IRQHandler</STRONG> (Thumb, 0 bytes, Stack size 0 bytes, startup_nuc472_442.o(.text))
<BR>[Address Reference Count : 1]<UL><LI> startup_nuc472_442.o(RESET)
</UL>
<P><STRONG><a name="[18]"></a>EINT6_IRQHandler</STRONG> (Thumb, 0 bytes, Stack size 0 bytes, startup_nuc472_442.o(.text))
<BR>[Address Reference Count : 1]<UL><LI> startup_nuc472_442.o(RESET)
</UL>
<P><STRONG><a name="[19]"></a>EINT7_IRQHandler</STRONG> (Thumb, 0 bytes, Stack size 0 bytes, startup_nuc472_442.o(.text))
<BR>[Address Reference Count : 1]<UL><LI> startup_nuc472_442.o(RESET)
</UL>
<P><STRONG><a name="[4c]"></a>EMAC_RX_IRQHandler</STRONG> (Thumb, 0 bytes, Stack size 0 bytes, startup_nuc472_442.o(.text))
<BR>[Address Reference Count : 1]<UL><LI> startup_nuc472_442.o(RESET)
</UL>
<P><STRONG><a name="[4b]"></a>EMAC_TX_IRQHandler</STRONG> (Thumb, 0 bytes, Stack size 0 bytes, startup_nuc472_442.o(.text))
<BR>[Address Reference Count : 1]<UL><LI> startup_nuc472_442.o(RESET)
</UL>
<P><STRONG><a name="[45]"></a>EPWM0BRK_IRQHandler</STRONG> (Thumb, 0 bytes, Stack size 0 bytes, startup_nuc472_442.o(.text))
<BR>[Address Reference Count : 1]<UL><LI> startup_nuc472_442.o(RESET)
</UL>
<P><STRONG><a name="[44]"></a>EPWM0_IRQHandler</STRONG> (Thumb, 0 bytes, Stack size 0 bytes, startup_nuc472_442.o(.text))
<BR>[Address Reference Count : 1]<UL><LI> startup_nuc472_442.o(RESET)
</UL>
<P><STRONG><a name="[47]"></a>EPWM1BRK_IRQHandler</STRONG> (Thumb, 0 bytes, Stack size 0 bytes, startup_nuc472_442.o(.text))
<BR>[Address Reference Count : 1]<UL><LI> startup_nuc472_442.o(RESET)
</UL>
<P><STRONG><a name="[46]"></a>EPWM1_IRQHandler</STRONG> (Thumb, 0 bytes, Stack size 0 bytes, startup_nuc472_442.o(.text))
<BR>[Address Reference Count : 1]<UL><LI> startup_nuc472_442.o(RESET)
</UL>
<P><STRONG><a name="[1a]"></a>GPA_IRQHandler</STRONG> (Thumb, 0 bytes, Stack size 0 bytes, startup_nuc472_442.o(.text))
<BR>[Address Reference Count : 1]<UL><LI> startup_nuc472_442.o(RESET)
</UL>
<P><STRONG><a name="[1b]"></a>GPB_IRQHandler</STRONG> (Thumb, 0 bytes, Stack size 0 bytes, startup_nuc472_442.o(.text))
<BR>[Address Reference Count : 1]<UL><LI> startup_nuc472_442.o(RESET)
</UL>
<P><STRONG><a name="[1c]"></a>GPC_IRQHandler</STRONG> (Thumb, 0 bytes, Stack size 0 bytes, startup_nuc472_442.o(.text))
<BR>[Address Reference Count : 1]<UL><LI> startup_nuc472_442.o(RESET)
</UL>
<P><STRONG><a name="[1d]"></a>GPD_IRQHandler</STRONG> (Thumb, 0 bytes, Stack size 0 bytes, startup_nuc472_442.o(.text))
<BR>[Address Reference Count : 1]<UL><LI> startup_nuc472_442.o(RESET)
</UL>
<P><STRONG><a name="[1e]"></a>GPE_IRQHandler</STRONG> (Thumb, 0 bytes, Stack size 0 bytes, startup_nuc472_442.o(.text))
<BR>[Address Reference Count : 1]<UL><LI> startup_nuc472_442.o(RESET)
</UL>
<P><STRONG><a name="[1f]"></a>GPF_IRQHandler</STRONG> (Thumb, 0 bytes, Stack size 0 bytes, startup_nuc472_442.o(.text))
<BR>[Address Reference Count : 1]<UL><LI> startup_nuc472_442.o(RESET)
</UL>
<P><STRONG><a name="[20]"></a>GPG_IRQHandler</STRONG> (Thumb, 0 bytes, Stack size 0 bytes, startup_nuc472_442.o(.text))
<BR>[Address Reference Count : 1]<UL><LI> startup_nuc472_442.o(RESET)
</UL>
<P><STRONG><a name="[21]"></a>GPH_IRQHandler</STRONG> (Thumb, 0 bytes, Stack size 0 bytes, startup_nuc472_442.o(.text))
<BR>[Address Reference Count : 1]<UL><LI> startup_nuc472_442.o(RESET)
</UL>
<P><STRONG><a name="[22]"></a>GPI_IRQHandler</STRONG> (Thumb, 0 bytes, Stack size 0 bytes, startup_nuc472_442.o(.text))
<BR>[Address Reference Count : 1]<UL><LI> startup_nuc472_442.o(RESET)
</UL>
<P><STRONG><a name="[57]"></a>I2C0_IRQHandler</STRONG> (Thumb, 0 bytes, Stack size 0 bytes, startup_nuc472_442.o(.text))
<BR>[Address Reference Count : 1]<UL><LI> startup_nuc472_442.o(RESET)
</UL>
<P><STRONG><a name="[58]"></a>I2C1_IRQHandler</STRONG> (Thumb, 0 bytes, Stack size 0 bytes, startup_nuc472_442.o(.text))
<BR>[Address Reference Count : 1]<UL><LI> startup_nuc472_442.o(RESET)
</UL>
<P><STRONG><a name="[59]"></a>I2C2_IRQHandler</STRONG> (Thumb, 0 bytes, Stack size 0 bytes, startup_nuc472_442.o(.text))
<BR>[Address Reference Count : 1]<UL><LI> startup_nuc472_442.o(RESET)
</UL>
<P><STRONG><a name="[5a]"></a>I2C3_IRQHandler</STRONG> (Thumb, 0 bytes, Stack size 0 bytes, startup_nuc472_442.o(.text))
<BR>[Address Reference Count : 1]<UL><LI> startup_nuc472_442.o(RESET)
</UL>
<P><STRONG><a name="[5b]"></a>I2C4_IRQHandler</STRONG> (Thumb, 0 bytes, Stack size 0 bytes, startup_nuc472_442.o(.text))
<BR>[Address Reference Count : 1]<UL><LI> startup_nuc472_442.o(RESET)
</UL>
<P><STRONG><a name="[64]"></a>I2S0_IRQHandler</STRONG> (Thumb, 0 bytes, Stack size 0 bytes, startup_nuc472_442.o(.text))
<BR>[Address Reference Count : 1]<UL><LI> startup_nuc472_442.o(RESET)
</UL>
<P><STRONG><a name="[32]"></a>ICAP0_IRQHandler</STRONG> (Thumb, 0 bytes, Stack size 0 bytes, startup_nuc472_442.o(.text))
<BR>[Address Reference Count : 1]<UL><LI> startup_nuc472_442.o(RESET)
</UL>
<P><STRONG><a name="[33]"></a>ICAP1_IRQHandler</STRONG> (Thumb, 0 bytes, Stack size 0 bytes, startup_nuc472_442.o(.text))
<BR>[Address Reference Count : 1]<UL><LI> startup_nuc472_442.o(RESET)
</UL>
<P><STRONG><a name="[b]"></a>IRC_IRQHandler</STRONG> (Thumb, 0 bytes, Stack size 0 bytes, startup_nuc472_442.o(.text))
<BR>[Address Reference Count : 1]<UL><LI> startup_nuc472_442.o(RESET)
</UL>
<P><STRONG><a name="[30]"></a>OPA0_IRQHandler</STRONG> (Thumb, 0 bytes, Stack size 0 bytes, startup_nuc472_442.o(.text))
<BR>[Address Reference Count : 1]<UL><LI> startup_nuc472_442.o(RESET)
</UL>
<P><STRONG><a name="[31]"></a>OPA1_IRQHandler</STRONG> (Thumb, 0 bytes, Stack size 0 bytes, startup_nuc472_442.o(.text))
<BR>[Address Reference Count : 1]<UL><LI> startup_nuc472_442.o(RESET)
</UL>
<P><STRONG><a name="[27]"></a>PDMA_IRQHandler</STRONG> (Thumb, 0 bytes, Stack size 0 bytes, startup_nuc472_442.o(.text))
<BR>[Address Reference Count : 1]<UL><LI> startup_nuc472_442.o(RESET)
</UL>
<P><STRONG><a name="[67]"></a>PS2D_IRQHandler</STRONG> (Thumb, 0 bytes, Stack size 0 bytes, startup_nuc472_442.o(.text))
<BR>[Address Reference Count : 1]<UL><LI> startup_nuc472_442.o(RESET)
</UL>
<P><STRONG><a name="[34]"></a>PWM0CH0_IRQHandler</STRONG> (Thumb, 0 bytes, Stack size 0 bytes, startup_nuc472_442.o(.text))
<BR>[Address Reference Count : 1]<UL><LI> startup_nuc472_442.o(RESET)
</UL>
<P><STRONG><a name="[35]"></a>PWM0CH1_IRQHandler</STRONG> (Thumb, 0 bytes, Stack size 0 bytes, startup_nuc472_442.o(.text))
<BR>[Address Reference Count : 1]<UL><LI> startup_nuc472_442.o(RESET)
</UL>
<P><STRONG><a name="[36]"></a>PWM0CH2_IRQHandler</STRONG> (Thumb, 0 bytes, Stack size 0 bytes, startup_nuc472_442.o(.text))
<BR>[Address Reference Count : 1]<UL><LI> startup_nuc472_442.o(RESET)
</UL>
<P><STRONG><a name="[37]"></a>PWM0CH3_IRQHandler</STRONG> (Thumb, 0 bytes, Stack size 0 bytes, startup_nuc472_442.o(.text))
<BR>[Address Reference Count : 1]<UL><LI> startup_nuc472_442.o(RESET)
</UL>
<P><STRONG><a name="[38]"></a>PWM0CH4_IRQHandler</STRONG> (Thumb, 0 bytes, Stack size 0 bytes, startup_nuc472_442.o(.text))
<BR>[Address Reference Count : 1]<UL><LI> startup_nuc472_442.o(RESET)
</UL>
<P><STRONG><a name="[39]"></a>PWM0CH5_IRQHandler</STRONG> (Thumb, 0 bytes, Stack size 0 bytes, startup_nuc472_442.o(.text))
<BR>[Address Reference Count : 1]<UL><LI> startup_nuc472_442.o(RESET)
</UL>
<P><STRONG><a name="[3a]"></a>PWM0_BRK_IRQHandler</STRONG> (Thumb, 0 bytes, Stack size 0 bytes, startup_nuc472_442.o(.text))
<BR>[Address Reference Count : 1]<UL><LI> startup_nuc472_442.o(RESET)
</UL>
<P><STRONG><a name="[3c]"></a>PWM1CH0_IRQHandler</STRONG> (Thumb, 0 bytes, Stack size 0 bytes, startup_nuc472_442.o(.text))
<BR>[Address Reference Count : 1]<UL><LI> startup_nuc472_442.o(RESET)
</UL>
<P><STRONG><a name="[3d]"></a>PWM1CH1_IRQHandler</STRONG> (Thumb, 0 bytes, Stack size 0 bytes, startup_nuc472_442.o(.text))
<BR>[Address Reference Count : 1]<UL><LI> startup_nuc472_442.o(RESET)
</UL>
<P><STRONG><a name="[3e]"></a>PWM1CH2_IRQHandler</STRONG> (Thumb, 0 bytes, Stack size 0 bytes, startup_nuc472_442.o(.text))
<BR>[Address Reference Count : 1]<UL><LI> startup_nuc472_442.o(RESET)
</UL>
<P><STRONG><a name="[3f]"></a>PWM1CH3_IRQHandler</STRONG> (Thumb, 0 bytes, Stack size 0 bytes, startup_nuc472_442.o(.text))
<BR>[Address Reference Count : 1]<UL><LI> startup_nuc472_442.o(RESET)
</UL>
<P><STRONG><a name="[40]"></a>PWM1CH4_IRQHandler</STRONG> (Thumb, 0 bytes, Stack size 0 bytes, startup_nuc472_442.o(.text))
<BR>[Address Reference Count : 1]<UL><LI> startup_nuc472_442.o(RESET)
</UL>
<P><STRONG><a name="[41]"></a>PWM1CH5_IRQHandler</STRONG> (Thumb, 0 bytes, Stack size 0 bytes, startup_nuc472_442.o(.text))
<BR>[Address Reference Count : 1]<UL><LI> startup_nuc472_442.o(RESET)
</UL>
<P><STRONG><a name="[42]"></a>PWM1_BRK_IRQHandler</STRONG> (Thumb, 0 bytes, Stack size 0 bytes, startup_nuc472_442.o(.text))
<BR>[Address Reference Count : 1]<UL><LI> startup_nuc472_442.o(RESET)
</UL>
<P><STRONG><a name="[c]"></a>PWRWU_IRQHandler</STRONG> (Thumb, 0 bytes, Stack size 0 bytes, startup_nuc472_442.o(.text))
<BR>[Address Reference Count : 1]<UL><LI> startup_nuc472_442.o(RESET)
</UL>
<P><STRONG><a name="[3b]"></a>QEI0_IRQHandler</STRONG> (Thumb, 0 bytes, Stack size 0 bytes, startup_nuc472_442.o(.text))
<BR>[Address Reference Count : 1]<UL><LI> startup_nuc472_442.o(RESET)
</UL>
<P><STRONG><a name="[43]"></a>QEI1_IRQHandler</STRONG> (Thumb, 0 bytes, Stack size 0 bytes, startup_nuc472_442.o(.text))
<BR>[Address Reference Count : 1]<UL><LI> startup_nuc472_442.o(RESET)
</UL>
<P><STRONG><a name="[10]"></a>RTC_IRQHandler</STRONG> (Thumb, 0 bytes, Stack size 0 bytes, startup_nuc472_442.o(.text))
<BR>[Address Reference Count : 1]<UL><LI> startup_nuc472_442.o(RESET)
</UL>
<P><STRONG><a name="[5c]"></a>SC0_IRQHandler</STRONG> (Thumb, 0 bytes, Stack size 0 bytes, startup_nuc472_442.o(.text))
<BR>[Address Reference Count : 1]<UL><LI> startup_nuc472_442.o(RESET)
</UL>
<P><STRONG><a name="[5d]"></a>SC1_IRQHandler</STRONG> (Thumb, 0 bytes, Stack size 0 bytes, startup_nuc472_442.o(.text))
<BR>[Address Reference Count : 1]<UL><LI> startup_nuc472_442.o(RESET)
</UL>
<P><STRONG><a name="[5e]"></a>SC2_IRQHandler</STRONG> (Thumb, 0 bytes, Stack size 0 bytes, startup_nuc472_442.o(.text))
<BR>[Address Reference Count : 1]<UL><LI> startup_nuc472_442.o(RESET)
</UL>
<P><STRONG><a name="[5f]"></a>SC3_IRQHandler</STRONG> (Thumb, 0 bytes, Stack size 0 bytes, startup_nuc472_442.o(.text))
<BR>[Address Reference Count : 1]<UL><LI> startup_nuc472_442.o(RESET)
</UL>
<P><STRONG><a name="[60]"></a>SC4_IRQHandler</STRONG> (Thumb, 0 bytes, Stack size 0 bytes, startup_nuc472_442.o(.text))
<BR>[Address Reference Count : 1]<UL><LI> startup_nuc472_442.o(RESET)
</UL>
<P><STRONG><a name="[61]"></a>SC5_IRQHandler</STRONG> (Thumb, 0 bytes, Stack size 0 bytes, startup_nuc472_442.o(.text))
<BR>[Address Reference Count : 1]<UL><LI> startup_nuc472_442.o(RESET)
</UL>
<P><STRONG><a name="[66]"></a>SD_IRQHandler</STRONG> (Thumb, 0 bytes, Stack size 0 bytes, startup_nuc472_442.o(.text))
<BR>[Address Reference Count : 1]<UL><LI> startup_nuc472_442.o(RESET)
</UL>
<P><STRONG><a name="[4d]"></a>SPI0_IRQHandler</STRONG> (Thumb, 0 bytes, Stack size 0 bytes, startup_nuc472_442.o(.text))
<BR>[Address Reference Count : 1]<UL><LI> startup_nuc472_442.o(RESET)
</UL>
<P><STRONG><a name="[4e]"></a>SPI1_IRQHandler</STRONG> (Thumb, 0 bytes, Stack size 0 bytes, startup_nuc472_442.o(.text))
<BR>[Address Reference Count : 1]<UL><LI> startup_nuc472_442.o(RESET)
</UL>
<P><STRONG><a name="[4f]"></a>SPI2_IRQHandler</STRONG> (Thumb, 0 bytes, Stack size 0 bytes, startup_nuc472_442.o(.text))
<BR>[Address Reference Count : 1]<UL><LI> startup_nuc472_442.o(RESET)
</UL>
<P><STRONG><a name="[50]"></a>SPI3_IRQHandler</STRONG> (Thumb, 0 bytes, Stack size 0 bytes, startup_nuc472_442.o(.text))
<BR>[Address Reference Count : 1]<UL><LI> startup_nuc472_442.o(RESET)
</UL>
<P><STRONG><a name="[d]"></a>SRAMF_IRQHandler</STRONG> (Thumb, 0 bytes, Stack size 0 bytes, startup_nuc472_442.o(.text))
<BR>[Address Reference Count : 1]<UL><LI> startup_nuc472_442.o(RESET)
</UL>
<P><STRONG><a name="[11]"></a>TAMPER_IRQHandler</STRONG> (Thumb, 0 bytes, Stack size 0 bytes, startup_nuc472_442.o(.text))
<BR>[Address Reference Count : 1]<UL><LI> startup_nuc472_442.o(RESET)
</UL>
<P><STRONG><a name="[23]"></a>TMR0_IRQHandler</STRONG> (Thumb, 0 bytes, Stack size 0 bytes, startup_nuc472_442.o(.text))
<BR>[Address Reference Count : 1]<UL><LI> startup_nuc472_442.o(RESET)
</UL>
<P><STRONG><a name="[24]"></a>TMR1_IRQHandler</STRONG> (Thumb, 0 bytes, Stack size 0 bytes, startup_nuc472_442.o(.text))
<BR>[Address Reference Count : 1]<UL><LI> startup_nuc472_442.o(RESET)
</UL>
<P><STRONG><a name="[25]"></a>TMR2_IRQHandler</STRONG> (Thumb, 0 bytes, Stack size 0 bytes, startup_nuc472_442.o(.text))
<BR>[Address Reference Count : 1]<UL><LI> startup_nuc472_442.o(RESET)
</UL>
<P><STRONG><a name="[26]"></a>TMR3_IRQHandler</STRONG> (Thumb, 0 bytes, Stack size 0 bytes, startup_nuc472_442.o(.text))
<BR>[Address Reference Count : 1]<UL><LI> startup_nuc472_442.o(RESET)
</UL>
<P><STRONG><a name="[51]"></a>UART0_IRQHandler</STRONG> (Thumb, 0 bytes, Stack size 0 bytes, startup_nuc472_442.o(.text))
<BR>[Address Reference Count : 1]<UL><LI> startup_nuc472_442.o(RESET)
</UL>
<P><STRONG><a name="[52]"></a>UART1_IRQHandler</STRONG> (Thumb, 0 bytes, Stack size 0 bytes, startup_nuc472_442.o(.text))
<BR>[Address Reference Count : 1]<UL><LI> startup_nuc472_442.o(RESET)
</UL>
<P><STRONG><a name="[53]"></a>UART2_IRQHandler</STRONG> (Thumb, 0 bytes, Stack size 0 bytes, startup_nuc472_442.o(.text))
<BR>[Address Reference Count : 1]<UL><LI> startup_nuc472_442.o(RESET)
</UL>
<P><STRONG><a name="[54]"></a>UART3_IRQHandler</STRONG> (Thumb, 0 bytes, Stack size 0 bytes, startup_nuc472_442.o(.text))
<BR>[Address Reference Count : 1]<UL><LI> startup_nuc472_442.o(RESET)
</UL>
<P><STRONG><a name="[55]"></a>UART4_IRQHandler</STRONG> (Thumb, 0 bytes, Stack size 0 bytes, startup_nuc472_442.o(.text))
<BR>[Address Reference Count : 1]<UL><LI> startup_nuc472_442.o(RESET)
</UL>
<P><STRONG><a name="[56]"></a>UART5_IRQHandler</STRONG> (Thumb, 0 bytes, Stack size 0 bytes, startup_nuc472_442.o(.text))
<BR>[Address Reference Count : 1]<UL><LI> startup_nuc472_442.o(RESET)
</UL>
<P><STRONG><a name="[48]"></a>USBD_IRQHandler</STRONG> (Thumb, 0 bytes, Stack size 0 bytes, startup_nuc472_442.o(.text))
<BR>[Address Reference Count : 1]<UL><LI> startup_nuc472_442.o(RESET)
</UL>
<P><STRONG><a name="[49]"></a>USBH_IRQHandler</STRONG> (Thumb, 0 bytes, Stack size 0 bytes, startup_nuc472_442.o(.text))
<BR>[Address Reference Count : 1]<UL><LI> startup_nuc472_442.o(RESET)
</UL>
<P><STRONG><a name="[4a]"></a>USB_OTG_IRQHandler</STRONG> (Thumb, 0 bytes, Stack size 0 bytes, startup_nuc472_442.o(.text))
<BR>[Address Reference Count : 1]<UL><LI> startup_nuc472_442.o(RESET)
</UL>
<P><STRONG><a name="[29]"></a>WDT_IRQHandler</STRONG> (Thumb, 0 bytes, Stack size 0 bytes, startup_nuc472_442.o(.text))
<BR>[Address Reference Count : 1]<UL><LI> startup_nuc472_442.o(RESET)
</UL>
<P><STRONG><a name="[2a]"></a>WWDT_IRQHandler</STRONG> (Thumb, 0 bytes, Stack size 0 bytes, startup_nuc472_442.o(.text))
<BR>[Address Reference Count : 1]<UL><LI> startup_nuc472_442.o(RESET)
</UL>
<P><STRONG><a name="[73]"></a>__aeabi_uldivmod</STRONG> (Thumb, 98 bytes, Stack size 40 bytes, uldiv.o(.text), UNUSED)
<BR><BR>[Calls]<UL><LI><a href="#[74]">&gt;&gt;</a>&nbsp;&nbsp;&nbsp;__aeabi_llsr
<LI><a href="#[75]">&gt;&gt;</a>&nbsp;&nbsp;&nbsp;__aeabi_llsl
</UL>
<BR>[Called By]<UL><LI><a href="#[8a]">&gt;&gt;</a>&nbsp;&nbsp;&nbsp;_printf_core
</UL>

<P><STRONG><a name="[72]"></a>__scatterload</STRONG> (Thumb, 28 bytes, Stack size 0 bytes, init.o(.text))
<BR><BR>[Calls]<UL><LI><a href="#[76]">&gt;&gt;</a>&nbsp;&nbsp;&nbsp;__main_after_scatterload
</UL>
<BR>[Called By]<UL><LI><a href="#[71]">&gt;&gt;</a>&nbsp;&nbsp;&nbsp;_main_scatterload
</UL>

<P><STRONG><a name="[94]"></a>__scatterload_rt2</STRONG> (Thumb, 0 bytes, Stack size 0 bytes, init.o(.text), UNUSED)

<P><STRONG><a name="[75]"></a>__aeabi_llsl</STRONG> (Thumb, 30 bytes, Stack size 0 bytes, llshl.o(.text), UNUSED)
<BR><BR>[Called By]<UL><LI><a href="#[73]">&gt;&gt;</a>&nbsp;&nbsp;&nbsp;__aeabi_uldivmod
</UL>

<P><STRONG><a name="[95]"></a>_ll_shift_l</STRONG> (Thumb, 0 bytes, Stack size 0 bytes, llshl.o(.text), UNUSED)

<P><STRONG><a name="[74]"></a>__aeabi_llsr</STRONG> (Thumb, 32 bytes, Stack size 0 bytes, llushr.o(.text), UNUSED)
<BR><BR>[Called By]<UL><LI><a href="#[73]">&gt;&gt;</a>&nbsp;&nbsp;&nbsp;__aeabi_uldivmod
</UL>

<P><STRONG><a name="[96]"></a>_ll_ushift_r</STRONG> (Thumb, 0 bytes, Stack size 0 bytes, llushr.o(.text), UNUSED)

<P><STRONG><a name="[83]"></a>CLK_EnableModuleClock</STRONG> (Thumb, 30 bytes, Stack size 0 bytes, clk.o(i.CLK_EnableModuleClock))
<BR><BR>[Called By]<UL><LI><a href="#[7f]">&gt;&gt;</a>&nbsp;&nbsp;&nbsp;SYS_Init
</UL>

<P><STRONG><a name="[81]"></a>CLK_EnableXtalRC</STRONG> (Thumb, 10 bytes, Stack size 0 bytes, clk.o(i.CLK_EnableXtalRC))
<BR><BR>[Called By]<UL><LI><a href="#[7f]">&gt;&gt;</a>&nbsp;&nbsp;&nbsp;SYS_Init
</UL>

<P><STRONG><a name="[7d]"></a>CLK_GetPLLClockFreq</STRONG> (Thumb, 80 bytes, Stack size 0 bytes, clk.o(i.CLK_GetPLLClockFreq))
<BR><BR>[Called By]<UL><LI><a href="#[7c]">&gt;&gt;</a>&nbsp;&nbsp;&nbsp;I2S_GetSourceClockFreq
<LI><a href="#[78]">&gt;&gt;</a>&nbsp;&nbsp;&nbsp;SystemCoreClockUpdate
<LI><a href="#[88]">&gt;&gt;</a>&nbsp;&nbsp;&nbsp;UART_Open
</UL>

<P><STRONG><a name="[77]"></a>CLK_SetHCLK</STRONG> (Thumb, 26 bytes, Stack size 0 bytes, clk.o(i.CLK_SetHCLK))
<BR><BR>[Stack]<UL><LI>Max Depth = 8<LI>Call Chain = CLK_SetHCLK &rArr; SystemCoreClockUpdate
</UL>
<BR>[Calls]<UL><LI><a href="#[78]">&gt;&gt;</a>&nbsp;&nbsp;&nbsp;SystemCoreClockUpdate
</UL>
<BR>[Called By]<UL><LI><a href="#[7f]">&gt;&gt;</a>&nbsp;&nbsp;&nbsp;SYS_Init
</UL>

<P><STRONG><a name="[84]"></a>CLK_SetModuleClock</STRONG> (Thumb, 74 bytes, Stack size 16 bytes, clk.o(i.CLK_SetModuleClock))
<BR><BR>[Stack]<UL><LI>Max Depth = 16<LI>Call Chain = CLK_SetModuleClock
</UL>
<BR>[Called By]<UL><LI><a href="#[6b]">&gt;&gt;</a>&nbsp;&nbsp;&nbsp;main
<LI><a href="#[7f]">&gt;&gt;</a>&nbsp;&nbsp;&nbsp;SYS_Init
</UL>

<P><STRONG><a name="[82]"></a>CLK_WaitClockReady</STRONG> (Thumb, 38 bytes, Stack size 8 bytes, clk.o(i.CLK_WaitClockReady))
<BR><BR>[Stack]<UL><LI>Max Depth = 8<LI>Call Chain = CLK_WaitClockReady
</UL>
<BR>[Called By]<UL><LI><a href="#[7f]">&gt;&gt;</a>&nbsp;&nbsp;&nbsp;SYS_Init
</UL>

<P><STRONG><a name="[8b]"></a>GPIO_SetMode</STRONG> (Thumb, 44 bytes, Stack size 20 bytes, gpio.o(i.GPIO_SetMode))
<BR><BR>[Stack]<UL><LI>Max Depth = 20<LI>Call Chain = GPIO_SetMode
</UL>
<BR>[Called By]<UL><LI><a href="#[6b]">&gt;&gt;</a>&nbsp;&nbsp;&nbsp;main
</UL>

<P><STRONG><a name="[6c]"></a>Hard_Fault_Handler</STRONG> (Thumb, 16 bytes, Stack size 0 bytes, retarget.o(i.Hard_Fault_Handler))
<BR><BR>[Stack]<UL><LI>Max Depth = 32<LI>Call Chain = Hard_Fault_Handler &rArr; stackDump &rArr; __2printf
</UL>
<BR>[Calls]<UL><LI><a href="#[7a]">&gt;&gt;</a>&nbsp;&nbsp;&nbsp;stackDump
<LI><a href="#[79]">&gt;&gt;</a>&nbsp;&nbsp;&nbsp;__2printf
</UL>
<BR>[Address Reference Count : 1]<UL><LI> retarget.o(.emb_text)
</UL>
<P><STRONG><a name="[65]"></a>I2S1_IRQHandler</STRONG> (Thumb, 108 bytes, Stack size 20 bytes, nuc472_442_isr.o(i.I2S1_IRQHandler))
<BR><BR>[Stack]<UL><LI>Max Depth = 20<LI>Call Chain = I2S1_IRQHandler
</UL>
<BR>[Address Reference Count : 1]<UL><LI> startup_nuc472_442.o(RESET)
</UL>
<P><STRONG><a name="[8c]"></a>I2S_EnableInt</STRONG> (Thumb, 8 bytes, Stack size 0 bytes, i2s.o(i.I2S_EnableInt))
<BR><BR>[Called By]<UL><LI><a href="#[6b]">&gt;&gt;</a>&nbsp;&nbsp;&nbsp;main
</UL>

<P><STRONG><a name="[7b]"></a>I2S_EnableMCLK</STRONG> (Thumb, 60 bytes, Stack size 16 bytes, i2s.o(i.I2S_EnableMCLK))
<BR><BR>[Stack]<UL><LI>Max Depth = 16<LI>Call Chain = I2S_EnableMCLK
</UL>
<BR>[Calls]<UL><LI><a href="#[7c]">&gt;&gt;</a>&nbsp;&nbsp;&nbsp;I2S_GetSourceClockFreq
</UL>
<BR>[Called By]<UL><LI><a href="#[6b]">&gt;&gt;</a>&nbsp;&nbsp;&nbsp;main
</UL>

<P><STRONG><a name="[7e]"></a>I2S_Open</STRONG> (Thumb, 154 bytes, Stack size 24 bytes, i2s.o(i.I2S_Open))
<BR><BR>[Stack]<UL><LI>Max Depth = 24<LI>Call Chain = I2S_Open
</UL>
<BR>[Calls]<UL><LI><a href="#[7c]">&gt;&gt;</a>&nbsp;&nbsp;&nbsp;I2S_GetSourceClockFreq
</UL>
<BR>[Called By]<UL><LI><a href="#[6b]">&gt;&gt;</a>&nbsp;&nbsp;&nbsp;main
</UL>

<P><STRONG><a name="[7f]"></a>SYS_Init</STRONG> (Thumb, 160 bytes, Stack size 16 bytes, main.o(i.SYS_Init))
<BR><BR>[Stack]<UL><LI>Max Depth = 32<LI>Call Chain = SYS_Init &rArr; CLK_SetModuleClock
</UL>
<BR>[Calls]<UL><LI><a href="#[80]">&gt;&gt;</a>&nbsp;&nbsp;&nbsp;SYS_UnlockReg
<LI><a href="#[85]">&gt;&gt;</a>&nbsp;&nbsp;&nbsp;SYS_LockReg
<LI><a href="#[82]">&gt;&gt;</a>&nbsp;&nbsp;&nbsp;CLK_WaitClockReady
<LI><a href="#[84]">&gt;&gt;</a>&nbsp;&nbsp;&nbsp;CLK_SetModuleClock
<LI><a href="#[77]">&gt;&gt;</a>&nbsp;&nbsp;&nbsp;CLK_SetHCLK
<LI><a href="#[81]">&gt;&gt;</a>&nbsp;&nbsp;&nbsp;CLK_EnableXtalRC
<LI><a href="#[83]">&gt;&gt;</a>&nbsp;&nbsp;&nbsp;CLK_EnableModuleClock
<LI><a href="#[78]">&gt;&gt;</a>&nbsp;&nbsp;&nbsp;SystemCoreClockUpdate
</UL>
<BR>[Called By]<UL><LI><a href="#[6b]">&gt;&gt;</a>&nbsp;&nbsp;&nbsp;main
</UL>

<P><STRONG><a name="[85]"></a>SYS_LockReg</STRONG> (Thumb, 8 bytes, Stack size 0 bytes, sys.o(i.SYS_LockReg))
<BR><BR>[Called By]<UL><LI><a href="#[7f]">&gt;&gt;</a>&nbsp;&nbsp;&nbsp;SYS_Init
</UL>

<P><STRONG><a name="[80]"></a>SYS_UnlockReg</STRONG> (Thumb, 36 bytes, Stack size 8 bytes, sys.o(i.SYS_UnlockReg))
<BR><BR>[Stack]<UL><LI>Max Depth = 8<LI>Call Chain = SYS_UnlockReg
</UL>
<BR>[Called By]<UL><LI><a href="#[7f]">&gt;&gt;</a>&nbsp;&nbsp;&nbsp;SYS_Init
</UL>

<P><STRONG><a name="[86]"></a>SendChar</STRONG> (Thumb, 62 bytes, Stack size 16 bytes, retarget.o(i.SendChar))
<BR><BR>[Stack]<UL><LI>Max Depth = 16<LI>Call Chain = SendChar
</UL>
<BR>[Calls]<UL><LI><a href="#[87]">&gt;&gt;</a>&nbsp;&nbsp;&nbsp;SH_DoCommand
</UL>
<BR>[Called By]<UL><LI><a href="#[6f]">&gt;&gt;</a>&nbsp;&nbsp;&nbsp;fputc
</UL>

<P><STRONG><a name="[78]"></a>SystemCoreClockUpdate</STRONG> (Thumb, 64 bytes, Stack size 8 bytes, system_nuc472_442.o(i.SystemCoreClockUpdate))
<BR><BR>[Stack]<UL><LI>Max Depth = 8<LI>Call Chain = SystemCoreClockUpdate
</UL>
<BR>[Calls]<UL><LI><a href="#[7d]">&gt;&gt;</a>&nbsp;&nbsp;&nbsp;CLK_GetPLLClockFreq
</UL>
<BR>[Called By]<UL><LI><a href="#[77]">&gt;&gt;</a>&nbsp;&nbsp;&nbsp;CLK_SetHCLK
<LI><a href="#[7f]">&gt;&gt;</a>&nbsp;&nbsp;&nbsp;SYS_Init
</UL>

<P><STRONG><a name="[6d]"></a>SystemInit</STRONG> (Thumb, 12 bytes, Stack size 0 bytes, system_nuc472_442.o(i.SystemInit))
<BR>[Address Reference Count : 1]<UL><LI> startup_nuc472_442.o(.text)
</UL>
<P><STRONG><a name="[88]"></a>UART_Open</STRONG> (Thumb, 104 bytes, Stack size 32 bytes, uart.o(i.UART_Open))
<BR><BR>[Stack]<UL><LI>Max Depth = 32<LI>Call Chain = UART_Open
</UL>
<BR>[Calls]<UL><LI><a href="#[7d]">&gt;&gt;</a>&nbsp;&nbsp;&nbsp;CLK_GetPLLClockFreq
</UL>
<BR>[Called By]<UL><LI><a href="#[6b]">&gt;&gt;</a>&nbsp;&nbsp;&nbsp;main
</UL>

<P><STRONG><a name="[89]"></a>__0printf$5</STRONG> (Thumb, 22 bytes, Stack size 24 bytes, printf5.o(i.__0printf$5), UNUSED)
<BR><BR>[Calls]<UL><LI><a href="#[8a]">&gt;&gt;</a>&nbsp;&nbsp;&nbsp;_printf_core
</UL>

<P><STRONG><a name="[97]"></a>__1printf$5</STRONG> (Thumb, 0 bytes, Stack size 24 bytes, printf5.o(i.__0printf$5), UNUSED)

<P><STRONG><a name="[79]"></a>__2printf</STRONG> (Thumb, 0 bytes, Stack size 24 bytes, printf5.o(i.__0printf$5))
<BR><BR>[Stack]<UL><LI>Max Depth = 24<LI>Call Chain = __2printf
</UL>
<BR>[Called By]<UL><LI><a href="#[6c]">&gt;&gt;</a>&nbsp;&nbsp;&nbsp;Hard_Fault_Handler
<LI><a href="#[7a]">&gt;&gt;</a>&nbsp;&nbsp;&nbsp;stackDump
<LI><a href="#[6b]">&gt;&gt;</a>&nbsp;&nbsp;&nbsp;main
</UL>

<P><STRONG><a name="[98]"></a>__scatterload_copy</STRONG> (Thumb, 14 bytes, Stack size unknown bytes, handlers.o(i.__scatterload_copy), UNUSED)

<P><STRONG><a name="[99]"></a>__scatterload_null</STRONG> (Thumb, 2 bytes, Stack size unknown bytes, handlers.o(i.__scatterload_null), UNUSED)

<P><STRONG><a name="[9a]"></a>__scatterload_zeroinit</STRONG> (Thumb, 14 bytes, Stack size unknown bytes, handlers.o(i.__scatterload_zeroinit), UNUSED)

<P><STRONG><a name="[6f]"></a>fputc</STRONG> (Thumb, 12 bytes, Stack size 8 bytes, retarget.o(i.fputc))
<BR><BR>[Stack]<UL><LI>Max Depth = 24<LI>Call Chain = fputc &rArr; SendChar
</UL>
<BR>[Calls]<UL><LI><a href="#[86]">&gt;&gt;</a>&nbsp;&nbsp;&nbsp;SendChar
</UL>
<BR>[Address Reference Count : 1]<UL><LI> printf5.o(i.__0printf$5)
</UL>
<P><STRONG><a name="[6b]"></a>main</STRONG> (Thumb, 358 bytes, Stack size 16 bytes, main.o(i.main))
<BR><BR>[Stack]<UL><LI>Max Depth = 48<LI>Call Chain = main &rArr; SYS_Init &rArr; CLK_SetModuleClock
</UL>
<BR>[Calls]<UL><LI><a href="#[7e]">&gt;&gt;</a>&nbsp;&nbsp;&nbsp;I2S_Open
<LI><a href="#[7b]">&gt;&gt;</a>&nbsp;&nbsp;&nbsp;I2S_EnableMCLK
<LI><a href="#[8c]">&gt;&gt;</a>&nbsp;&nbsp;&nbsp;I2S_EnableInt
<LI><a href="#[8b]">&gt;&gt;</a>&nbsp;&nbsp;&nbsp;GPIO_SetMode
<LI><a href="#[84]">&gt;&gt;</a>&nbsp;&nbsp;&nbsp;CLK_SetModuleClock
<LI><a href="#[79]">&gt;&gt;</a>&nbsp;&nbsp;&nbsp;__2printf
<LI><a href="#[8d]">&gt;&gt;</a>&nbsp;&nbsp;&nbsp;process
<LI><a href="#[7f]">&gt;&gt;</a>&nbsp;&nbsp;&nbsp;SYS_Init
<LI><a href="#[88]">&gt;&gt;</a>&nbsp;&nbsp;&nbsp;UART_Open
</UL>
<BR>[Address Reference Count : 1]<UL><LI> entry9a.o(.ARM.Collect$$$$0000000B)
</UL>
<P><STRONG><a name="[8d]"></a>process</STRONG> (Thumb, 86 bytes, Stack size 20 bytes, process.o(i.process))
<BR><BR>[Stack]<UL><LI>Max Depth = 20<LI>Call Chain = process
</UL>
<BR>[Called By]<UL><LI><a href="#[6b]">&gt;&gt;</a>&nbsp;&nbsp;&nbsp;main
</UL>
<P>
<H3>
Local Symbols
</H3>
<P><STRONG><a name="[f]"></a>Default_Handler</STRONG> (Thumb, 2 bytes, Stack size 0 bytes, startup_nuc472_442.o(.text))
<BR><BR>[Calls]<UL><LI><a href="#[f]">&gt;&gt;</a>&nbsp;&nbsp;&nbsp;Default_Handler
</UL>
<BR>[Called By]<UL><LI><a href="#[f]">&gt;&gt;</a>&nbsp;&nbsp;&nbsp;Default_Handler
</UL>
<BR>[Address Reference Count : 1]<UL><LI> startup_nuc472_442.o(RESET)
</UL>
<P><STRONG><a name="[7c]"></a>I2S_GetSourceClockFreq</STRONG> (Thumb, 64 bytes, Stack size 0 bytes, i2s.o(i.I2S_GetSourceClockFreq))
<BR><BR>[Calls]<UL><LI><a href="#[7d]">&gt;&gt;</a>&nbsp;&nbsp;&nbsp;CLK_GetPLLClockFreq
</UL>
<BR>[Called By]<UL><LI><a href="#[7e]">&gt;&gt;</a>&nbsp;&nbsp;&nbsp;I2S_Open
<LI><a href="#[7b]">&gt;&gt;</a>&nbsp;&nbsp;&nbsp;I2S_EnableMCLK
</UL>

<P><STRONG><a name="[7a]"></a>stackDump</STRONG> (Thumb, 72 bytes, Stack size 8 bytes, retarget.o(i.stackDump))
<BR><BR>[Stack]<UL><LI>Max Depth = 32<LI>Call Chain = stackDump &rArr; __2printf
</UL>
<BR>[Calls]<UL><LI><a href="#[79]">&gt;&gt;</a>&nbsp;&nbsp;&nbsp;__2printf
</UL>
<BR>[Called By]<UL><LI><a href="#[6c]">&gt;&gt;</a>&nbsp;&nbsp;&nbsp;Hard_Fault_Handler
</UL>

<P><STRONG><a name="[8a]"></a>_printf_core</STRONG> (Thumb, 658 bytes, Stack size 104 bytes, printf5.o(i._printf_core), UNUSED)
<BR><BR>[Calls]<UL><LI><a href="#[73]">&gt;&gt;</a>&nbsp;&nbsp;&nbsp;__aeabi_uldivmod
</UL>
<BR>[Called By]<UL><LI><a href="#[89]">&gt;&gt;</a>&nbsp;&nbsp;&nbsp;__0printf$5
</UL>
<P>
<H3>
Undefined Global Symbols
</H3><HR></body></html>
